Info: *******************************************************************
Info: Running Quartus II 64-Bit Shell
    Info: Version 13.0.1 Build 232 06/12/2013 Service Pack 1 SJ Web Edition
    Info: Copyright (C) 1991-2013 Altera Corporation. All rights reserved.
    Info: Your use of Altera Corporation's design tools, logic functions 
    Info: and other software and tools, and its AMPP partner logic 
    Info: functions, and any output files from any of the foregoing 
    Info: (including device programming or simulation files), and any 
    Info: associated documentation or information are expressly subject 
    Info: to the terms and conditions of the Altera Program License 
    Info: Subscription Agreement, Altera MegaCore Function License 
    Info: Agreement, or other applicable license agreement, including, 
    Info: without limitation, that your use is for the sole purpose of 
    Info: programming logic devices manufactured by Altera and sold by 
    Info: Altera or its authorized distributors.  Please refer to the 
    Info: applicable agreement for further details.
    Info: Processing started: Wed Sep 30 20:10:46 2026
Info: Command: quartus_sh --flow compile pipe3_8mhz
Info: Quartus(args): compile pipe3_8mhz
Info: Project Name = D:/fpga/cyclone2-handwriting-ml/rtl/synthesis/pipeline_versions/pipe3_8mhz/pipe3_8mhz
Info: Revision Name = pipe3_8mhz
Info: *******************************************************************
Info: Running Quartus II 64-Bit Analysis & Synthesis
    Info: Version 13.0.1 Build 232 06/12/2013 Service Pack 1 SJ Web Edition
    Info: Processing started: Wed Sep 30 20:10:49 2026
Info: Command: quartus_map --read_settings_files=on --write_settings_files=off pipe3_8mhz -c pipe3_8mhz
Info (20030): Parallel compilation is enabled and will use 6 of the 6 processors detected
Info (12021): Found 1 design units, including 1 entities, in source file ml_inference_pipe3.sv
    Info (12023): Found entity 1: ml_inference_pipe3
Info (12127): Elaborating entity "ml_inference_pipe3" for the top level hierarchy
Warning (10230): Verilog HDL assignment warning at ml_inference_pipe3.sv(37): truncated value with size 32 to match size of target (13)
Warning (10230): Verilog HDL assignment warning at ml_inference_pipe3.sv(38): truncated value with size 32 to match size of target (9)
Warning (10230): Verilog HDL assignment warning at ml_inference_pipe3.sv(39): truncated value with size 32 to match size of target (6)
Warning (10230): Verilog HDL assignment warning at ml_inference_pipe3.sv(40): truncated value with size 32 to match size of target (4)
Warning (10230): Verilog HDL assignment warning at ml_inference_pipe3.sv(76): truncated value with size 9 to match size of target (5)
Warning (10230): Verilog HDL assignment warning at ml_inference_pipe3.sv(123): truncated value with size 32 to match size of target (8)
Warning (10230): Verilog HDL assignment warning at ml_inference_pipe3.sv(124): truncated value with size 32 to match size of target (16)
Info (12128): Elaborating entity "altsyncram" for hierarchy "altsyncram:l1_rom"
Info (12130): Elaborated megafunction instantiation "altsyncram:l1_rom"
Info (12133): Instantiated megafunction "altsyncram:l1_rom" with the following parameter:
    Info (12134): Parameter "operation_mode" = "ROM"
    Info (12134): Parameter "width_a" = "8"
    Info (12134): Parameter "widthad_a" = "13"
    Info (12134): Parameter "numwords_a" = "6272"
    Info (12134): Parameter "outdata_reg_a" = "UNREGISTERED"
    Info (12134): Parameter "init_file" = "../../artifacts/weights_l1.mif"
    Info (12134): Parameter "lpm_type" = "altsyncram"
Info (12021): Found 1 design units, including 1 entities, in source file db/altsyncram_vqt.tdf
    Info (12023): Found entity 1: altsyncram_vqt
Info (12128): Elaborating entity "altsyncram_vqt" for hierarchy "altsyncram:l1_rom|altsyncram_vqt:auto_generated"
Info (12021): Found 1 design units, including 1 entities, in source file db/decode_1oa.tdf
    Info (12023): Found entity 1: decode_1oa
Info (12128): Elaborating entity "decode_1oa" for hierarchy "altsyncram:l1_rom|altsyncram_vqt:auto_generated|decode_1oa:deep_decode"
Info (12021): Found 1 design units, including 1 entities, in source file db/mux_hib.tdf
    Info (12023): Found entity 1: mux_hib
Info (12128): Elaborating entity "mux_hib" for hierarchy "altsyncram:l1_rom|altsyncram_vqt:auto_generated|mux_hib:mux2"
Info (12128): Elaborating entity "altsyncram" for hierarchy "altsyncram:l2_rom"
Info (12130): Elaborated megafunction instantiation "altsyncram:l2_rom"
Info (12133): Instantiated megafunction "altsyncram:l2_rom" with the following parameter:
    Info (12134): Parameter "operation_mode" = "ROM"
    Info (12134): Parameter "width_a" = "8"
    Info (12134): Parameter "widthad_a" = "9"
    Info (12134): Parameter "numwords_a" = "320"
    Info (12134): Parameter "outdata_reg_a" = "UNREGISTERED"
    Info (12134): Parameter "init_file" = "../../artifacts/weights_l2.mif"
    Info (12134): Parameter "lpm_type" = "altsyncram"
Info (12021): Found 1 design units, including 1 entities, in source file db/altsyncram_pnt.tdf
    Info (12023): Found entity 1: altsyncram_pnt
Info (12128): Elaborating entity "altsyncram_pnt" for hierarchy "altsyncram:l2_rom|altsyncram_pnt:auto_generated"
Warning (272007): Not using extra address lines in altsyncram megafunction design -- 32 memory words in side A specified but total number of address lines is 6
Info (12128): Elaborating entity "altsyncram" for hierarchy "altsyncram:b1_rom"
Info (12130): Elaborated megafunction instantiation "altsyncram:b1_rom"
Info (12133): Instantiated megafunction "altsyncram:b1_rom" with the following parameter:
    Info (12134): Parameter "operation_mode" = "ROM"
    Info (12134): Parameter "width_a" = "32"
    Info (12134): Parameter "widthad_a" = "6"
    Info (12134): Parameter "numwords_a" = "32"
    Info (12134): Parameter "outdata_reg_a" = "UNREGISTERED"
    Info (12134): Parameter "init_file" = "../../artifacts/bias_l1.mif"
    Info (12134): Parameter "lpm_type" = "altsyncram"
Warning (287001): Assertion warning: Not using extra address lines in altsyncram megafunction design -- 32 memory words in side A specified but total number of address lines is 6
Info (12021): Found 1 design units, including 1 entities, in source file db/altsyncram_mct.tdf
    Info (12023): Found entity 1: altsyncram_mct
Info (12128): Elaborating entity "altsyncram_mct" for hierarchy "altsyncram:b1_rom|altsyncram_mct:auto_generated"
Info (12128): Elaborating entity "altsyncram" for hierarchy "altsyncram:b2_rom"
Info (12130): Elaborated megafunction instantiation "altsyncram:b2_rom"
Info (12133): Instantiated megafunction "altsyncram:b2_rom" with the following parameter:
    Info (12134): Parameter "operation_mode" = "ROM"
    Info (12134): Parameter "width_a" = "32"
    Info (12134): Parameter "widthad_a" = "4"
    Info (12134): Parameter "numwords_a" = "10"
    Info (12134): Parameter "outdata_reg_a" = "UNREGISTERED"
    Info (12134): Parameter "init_file" = "../../artifacts/bias_l2.mif"
    Info (12134): Parameter "lpm_type" = "altsyncram"
Info (12021): Found 1 design units, including 1 entities, in source file db/altsyncram_hct.tdf
    Info (12023): Found entity 1: altsyncram_hct
Info (12128): Elaborating entity "altsyncram_hct" for hierarchy "altsyncram:b2_rom|altsyncram_hct:auto_generated"
Warning (276020): Inferred RAM node "input_mem_rtl_0" from synchronous design logic.  Pass-through logic has been added to match the read-during-write behavior of the original design.
Warning (276020): Inferred RAM node "hidden_rtl_0" from synchronous design logic.  Pass-through logic has been added to match the read-during-write behavior of the original design.
Info (19000): Inferred 2 megafunctions from design logic
    Info (276029): Inferred altsyncram megafunction from the following design logic: "input_mem_rtl_0" 
        Info (286033): Parameter OPERATION_MODE set to DUAL_PORT
        Info (286033): Parameter WIDTH_A set to 4
        Info (286033): Parameter WIDTHAD_A set to 8
        Info (286033): Parameter NUMWORDS_A set to 196
        Info (286033): Parameter WIDTH_B set to 4
        Info (286033): Parameter WIDTHAD_B set to 8
        Info (286033): Parameter NUMWORDS_B set to 196
        Info (286033): Parameter ADDRESS_ACLR_A set to NONE
        Info (286033): Parameter OUTDATA_REG_B set to UNREGISTERED
        Info (286033): Parameter ADDRESS_ACLR_B set to NONE
        Info (286033): Parameter OUTDATA_ACLR_B set to NONE
        Info (286033): Parameter ADDRESS_REG_B set to CLOCK0
        Info (286033): Parameter INDATA_ACLR_A set to NONE
        Info (286033): Parameter WRCONTROL_ACLR_A set to NONE
        Info (286033): Parameter READ_DURING_WRITE_MODE_MIXED_PORTS set to OLD_DATA
    Info (276029): Inferred altsyncram megafunction from the following design logic: "hidden_rtl_0" 
        Info (286033): Parameter OPERATION_MODE set to DUAL_PORT
        Info (286033): Parameter WIDTH_A set to 63
        Info (286033): Parameter WIDTHAD_A set to 5
        Info (286033): Parameter NUMWORDS_A set to 32
        Info (286033): Parameter WIDTH_B set to 63
        Info (286033): Parameter WIDTHAD_B set to 5
        Info (286033): Parameter NUMWORDS_B set to 32
        Info (286033): Parameter ADDRESS_ACLR_A set to NONE
        Info (286033): Parameter OUTDATA_REG_B set to UNREGISTERED
        Info (286033): Parameter ADDRESS_ACLR_B set to NONE
        Info (286033): Parameter OUTDATA_ACLR_B set to NONE
        Info (286033): Parameter ADDRESS_REG_B set to CLOCK0
        Info (286033): Parameter INDATA_ACLR_A set to NONE
        Info (286033): Parameter WRCONTROL_ACLR_A set to NONE
        Info (286033): Parameter READ_DURING_WRITE_MODE_MIXED_PORTS set to OLD_DATA
Info (278001): Inferred 3 megafunctions from design logic
    Info (278003): Inferred multiplier megafunction ("lpm_mult") from the following logic: "Mult1"
    Info (278003): Inferred multiplier megafunction ("lpm_mult") from the following logic: "Mult2"
    Info (278003): Inferred multiplier megafunction ("lpm_mult") from the following logic: "Mult0"
Info (12130): Elaborated megafunction instantiation "altsyncram:input_mem_rtl_0"
Info (12133): Instantiated megafunction "altsyncram:input_mem_rtl_0" with the following parameter:
    Info (12134): Parameter "OPERATION_MODE" = "DUAL_PORT"
    Info (12134): Parameter "WIDTH_A" = "4"
    Info (12134): Parameter "WIDTHAD_A" = "8"
    Info (12134): Parameter "NUMWORDS_A" = "196"
    Info (12134): Parameter "WIDTH_B" = "4"
    Info (12134): Parameter "WIDTHAD_B" = "8"
    Info (12134): Parameter "NUMWORDS_B" = "196"
    Info (12134): Parameter "ADDRESS_ACLR_A" = "NONE"
    Info (12134): Parameter "OUTDATA_REG_B" = "UNREGISTERED"
    Info (12134): Parameter "ADDRESS_ACLR_B" = "NONE"
    Info (12134): Parameter "OUTDATA_ACLR_B" = "NONE"
    Info (12134): Parameter "ADDRESS_REG_B" = "CLOCK0"
    Info (12134): Parameter "INDATA_ACLR_A" = "NONE"
    Info (12134): Parameter "WRCONTROL_ACLR_A" = "NONE"
    Info (12134): Parameter "READ_DURING_WRITE_MODE_MIXED_PORTS" = "OLD_DATA"
Info (12021): Found 1 design units, including 1 entities, in source file db/altsyncram_mog1.tdf
    Info (12023): Found entity 1: altsyncram_mog1
Info (12130): Elaborated megafunction instantiation "altsyncram:hidden_rtl_0"
Info (12133): Instantiated megafunction "altsyncram:hidden_rtl_0" with the following parameter:
    Info (12134): Parameter "OPERATION_MODE" = "DUAL_PORT"
    Info (12134): Parameter "WIDTH_A" = "63"
    Info (12134): Parameter "WIDTHAD_A" = "5"
    Info (12134): Parameter "NUMWORDS_A" = "32"
    Info (12134): Parameter "WIDTH_B" = "63"
    Info (12134): Parameter "WIDTHAD_B" = "5"
    Info (12134): Parameter "NUMWORDS_B" = "32"
    Info (12134): Parameter "ADDRESS_ACLR_A" = "NONE"
    Info (12134): Parameter "OUTDATA_REG_B" = "UNREGISTERED"
    Info (12134): Parameter "ADDRESS_ACLR_B" = "NONE"
    Info (12134): Parameter "OUTDATA_ACLR_B" = "NONE"
    Info (12134): Parameter "ADDRESS_REG_B" = "CLOCK0"
    Info (12134): Parameter "INDATA_ACLR_A" = "NONE"
    Info (12134): Parameter "WRCONTROL_ACLR_A" = "NONE"
    Info (12134): Parameter "READ_DURING_WRITE_MODE_MIXED_PORTS" = "OLD_DATA"
Info (12021): Found 1 design units, including 1 entities, in source file db/altsyncram_4og1.tdf
    Info (12023): Found entity 1: altsyncram_4og1
Info (12130): Elaborated megafunction instantiation "lpm_mult:Mult1"
Info (12133): Instantiated megafunction "lpm_mult:Mult1" with the following parameter:
    Info (12134): Parameter "LPM_WIDTHA" = "5"
    Info (12134): Parameter "LPM_WIDTHB" = "8"
    Info (12134): Parameter "LPM_WIDTHP" = "13"
    Info (12134): Parameter "LPM_WIDTHR" = "13"
    Info (12134): Parameter "LPM_WIDTHS" = "1"
    Info (12134): Parameter "LPM_REPRESENTATION" = "SIGNED"
    Info (12134): Parameter "INPUT_A_IS_CONSTANT" = "NO"
    Info (12134): Parameter "INPUT_B_IS_CONSTANT" = "NO"
    Info (12134): Parameter "MAXIMIZE_SPEED" = "5"
Info (12021): Found 1 design units, including 1 entities, in source file db/mult_fus.tdf
    Info (12023): Found entity 1: mult_fus
Info (12130): Elaborated megafunction instantiation "lpm_mult:Mult2"
Info (12133): Instantiated megafunction "lpm_mult:Mult2" with the following parameter:
    Info (12134): Parameter "LPM_WIDTHA" = "64"
    Info (12134): Parameter "LPM_WIDTHB" = "8"
    Info (12134): Parameter "LPM_WIDTHP" = "72"
    Info (12134): Parameter "LPM_WIDTHR" = "72"
    Info (12134): Parameter "LPM_WIDTHS" = "1"
    Info (12134): Parameter "LPM_REPRESENTATION" = "SIGNED"
    Info (12134): Parameter "INPUT_A_IS_CONSTANT" = "NO"
    Info (12134): Parameter "INPUT_B_IS_CONSTANT" = "NO"
    Info (12134): Parameter "MAXIMIZE_SPEED" = "5"
Info (12021): Found 1 design units, including 1 entities, in source file db/mult_90t.tdf
    Info (12023): Found entity 1: mult_90t
Info (12130): Elaborated megafunction instantiation "lpm_mult:Mult0"
Info (12133): Instantiated megafunction "lpm_mult:Mult0" with the following parameter:
    Info (12134): Parameter "LPM_WIDTHA" = "13"
    Info (12134): Parameter "LPM_WIDTHB" = "9"
    Info (12134): Parameter "LPM_WIDTHP" = "22"
    Info (12134): Parameter "LPM_WIDTHR" = "22"
    Info (12134): Parameter "LPM_WIDTHS" = "1"
    Info (12134): Parameter "LPM_REPRESENTATION" = "SIGNED"
    Info (12134): Parameter "INPUT_A_IS_CONSTANT" = "NO"
    Info (12134): Parameter "INPUT_B_IS_CONSTANT" = "YES"
    Info (12134): Parameter "MAXIMIZE_SPEED" = "6"
Info (12131): Elaborated megafunction instantiation "lpm_mult:Mult0|multcore:mult_core", which is child of megafunction instantiation "lpm_mult:Mult0"
Info (12131): Elaborated megafunction instantiation "lpm_mult:Mult0|multcore:mult_core|mpar_add:padder", which is child of megafunction instantiation "lpm_mult:Mult0"
Info (12131): Elaborated megafunction instantiation "lpm_mult:Mult0|multcore:mult_core|mpar_add:padder|lpm_add_sub:adder[1]", which is child of megafunction instantiation "lpm_mult:Mult0"
Info (12021): Found 1 design units, including 1 entities, in source file db/add_sub_rfh.tdf
    Info (12023): Found entity 1: add_sub_rfh
Info (12131): Elaborated megafunction instantiation "lpm_mult:Mult0|multcore:mult_core|mpar_add:padder|lpm_add_sub:adder[0]", which is child of megafunction instantiation "lpm_mult:Mult0"
Info (12021): Found 1 design units, including 1 entities, in source file db/add_sub_15h.tdf
    Info (12023): Found entity 1: add_sub_15h
Info (12131): Elaborated megafunction instantiation "lpm_mult:Mult0|multcore:mult_core|mpar_add:padder|mpar_add:sub_par_add", which is child of megafunction instantiation "lpm_mult:Mult0"
Info (12131): Elaborated megafunction instantiation "lpm_mult:Mult0|multcore:mult_core|mpar_add:padder|mpar_add:sub_par_add|lpm_add_sub:adder[0]", which is child of megafunction instantiation "lpm_mult:Mult0"
Info (12021): Found 1 design units, including 1 entities, in source file db/add_sub_vfh.tdf
    Info (12023): Found entity 1: add_sub_vfh
Info (12131): Elaborated megafunction instantiation "lpm_mult:Mult0|altshift:external_latency_ffs", which is child of megafunction instantiation "lpm_mult:Mult0"
Info (13014): Ignored 194 buffer(s)
    Info (13019): Ignored 194 SOFT buffer(s)
Info (17049): 4 registers lost all their fanouts during netlist optimizations.
Info (144001): Generated suppressed messages file D:/fpga/cyclone2-handwriting-ml/rtl/synthesis/pipeline_versions/pipe3_8mhz/pipe3_8mhz.map.smsg
Info (16010): Generating hard_block partition "hard_block:auto_generated_inst"
    Info (16011): Adding 0 node(s), including 0 DDIO, 0 PLL, 0 transceiver and 0 LCELL
Info (21057): Implemented 4951 device resources after synthesis - the final resource count might be different
    Info (21058): Implemented 17 input pins
    Info (21059): Implemented 63 output pins
    Info (21061): Implemented 4707 logic cells
    Info (21064): Implemented 155 RAM segments
    Info (21062): Implemented 9 DSP elements
Info: Quartus II 64-Bit Analysis & Synthesis was successful. 0 errors, 11 warnings
    Info: Peak virtual memory: 4633 megabytes
    Info: Processing ended: Wed Sep 30 20:11:04 2026
    Info: Elapsed time: 00:00:15
    Info: Total CPU time (on all processors): 00:00:15
Info: *******************************************************************
Info: Running Quartus II 64-Bit Fitter
    Info: Version 13.0.1 Build 232 06/12/2013 Service Pack 1 SJ Web Edition
    Info: Processing started: Wed Sep 30 20:11:05 2026
Info: Command: quartus_fit --read_settings_files=off --write_settings_files=off pipe3_8mhz -c pipe3_8mhz
Info: qfit2_default_script.tcl version: #1
Info: Project  = pipe3_8mhz
Info: Revision = pipe3_8mhz
Info (20030): Parallel compilation is enabled and will use 6 of the 6 processors detected
Info (119006): Selected device EP2C5T144C8 for design "pipe3_8mhz"
Info (171003): Fitter is performing an Auto Fit compilation, which may decrease Fitter effort to reduce compilation time
Warning (292013): Feature LogicLock is only available with a valid subscription license. You can purchase a software subscription to gain full access to this feature.
Info (176444): Device migration not selected. If you intend to use device migration later, you may need to change the pin assignments as they may be incompatible with other devices
    Info (176445): Device EP2C5T144I8 is compatible
    Info (176445): Device EP2C8T144C8 is compatible
    Info (176445): Device EP2C8T144I8 is compatible
Info (169124): Fitter converted 3 user pins into dedicated programming pins
    Info (169125): Pin ~ASDO~ is reserved at location 1
    Info (169125): Pin ~nCSO~ is reserved at location 2
    Info (169125): Pin ~LVDS41p/nCEO~ is reserved at location 76
Info (176045): Design uses memory blocks. Violating setup or hold times of memory block address registers for either read or write operations could cause memory contents to be corrupted. Make sure that all memory block address registers meet the setup and hold time requirements.
Critical Warning (169085): No exact pin location assignment(s) for 80 pins of 80 total pins
    Info (169086): Pin busy not assigned to an exact location on the device
    Info (169086): Pin result_valid not assigned to an exact location on the device
    Info (169086): Pin result_accepted not assigned to an exact location on the device
    Info (169086): Pin result_digit[0] not assigned to an exact location on the device
    Info (169086): Pin result_digit[1] not assigned to an exact location on the device
    Info (169086): Pin result_digit[2] not assigned to an exact location on the device
    Info (169086): Pin result_digit[3] not assigned to an exact location on the device
    Info (169086): Pin result_confidence[0] not assigned to an exact location on the device
    Info (169086): Pin result_confidence[1] not assigned to an exact location on the device
    Info (169086): Pin result_confidence[2] not assigned to an exact location on the device
    Info (169086): Pin result_confidence[3] not assigned to an exact location on the device
    Info (169086): Pin result_confidence[4] not assigned to an exact location on the device
    Info (169086): Pin result_confidence[5] not assigned to an exact location on the device
    Info (169086): Pin result_confidence[6] not assigned to an exact location on the device
    Info (169086): Pin result_confidence[7] not assigned to an exact location on the device
    Info (169086): Pin result_margin[0] not assigned to an exact location on the device
    Info (169086): Pin result_margin[1] not assigned to an exact location on the device
    Info (169086): Pin result_margin[2] not assigned to an exact location on the device
    Info (169086): Pin result_margin[3] not assigned to an exact location on the device
    Info (169086): Pin result_margin[4] not assigned to an exact location on the device
    Info (169086): Pin result_margin[5] not assigned to an exact location on the device
    Info (169086): Pin result_margin[6] not assigned to an exact location on the device
    Info (169086): Pin result_margin[7] not assigned to an exact location on the device
    Info (169086): Pin result_margin[8] not assigned to an exact location on the device
    Info (169086): Pin result_margin[9] not assigned to an exact location on the device
    Info (169086): Pin result_margin[10] not assigned to an exact location on the device
    Info (169086): Pin result_margin[11] not assigned to an exact location on the device
    Info (169086): Pin result_margin[12] not assigned to an exact location on the device
    Info (169086): Pin result_margin[13] not assigned to an exact location on the device
    Info (169086): Pin result_margin[14] not assigned to an exact location on the device
    Info (169086): Pin result_margin[15] not assigned to an exact location on the device
    Info (169086): Pin result_cycles[0] not assigned to an exact location on the device
    Info (169086): Pin result_cycles[1] not assigned to an exact location on the device
    Info (169086): Pin result_cycles[2] not assigned to an exact location on the device
    Info (169086): Pin result_cycles[3] not assigned to an exact location on the device
    Info (169086): Pin result_cycles[4] not assigned to an exact location on the device
    Info (169086): Pin result_cycles[5] not assigned to an exact location on the device
    Info (169086): Pin result_cycles[6] not assigned to an exact location on the device
    Info (169086): Pin result_cycles[7] not assigned to an exact location on the device
    Info (169086): Pin result_cycles[8] not assigned to an exact location on the device
    Info (169086): Pin result_cycles[9] not assigned to an exact location on the device
    Info (169086): Pin result_cycles[10] not assigned to an exact location on the device
    Info (169086): Pin result_cycles[11] not assigned to an exact location on the device
    Info (169086): Pin result_cycles[12] not assigned to an exact location on the device
    Info (169086): Pin result_cycles[13] not assigned to an exact location on the device
    Info (169086): Pin result_cycles[14] not assigned to an exact location on the device
    Info (169086): Pin result_cycles[15] not assigned to an exact location on the device
    Info (169086): Pin result_cycles[16] not assigned to an exact location on the device
    Info (169086): Pin result_cycles[17] not assigned to an exact location on the device
    Info (169086): Pin result_cycles[18] not assigned to an exact location on the device
    Info (169086): Pin result_cycles[19] not assigned to an exact location on the device
    Info (169086): Pin result_cycles[20] not assigned to an exact location on the device
    Info (169086): Pin result_cycles[21] not assigned to an exact location on the device
    Info (169086): Pin result_cycles[22] not assigned to an exact location on the device
    Info (169086): Pin result_cycles[23] not assigned to an exact location on the device
    Info (169086): Pin result_cycles[24] not assigned to an exact location on the device
    Info (169086): Pin result_cycles[25] not assigned to an exact location on the device
    Info (169086): Pin result_cycles[26] not assigned to an exact location on the device
    Info (169086): Pin result_cycles[27] not assigned to an exact location on the device
    Info (169086): Pin result_cycles[28] not assigned to an exact location on the device
    Info (169086): Pin result_cycles[29] not assigned to an exact location on the device
    Info (169086): Pin result_cycles[30] not assigned to an exact location on the device
    Info (169086): Pin result_cycles[31] not assigned to an exact location on the device
    Info (169086): Pin reset_n not assigned to an exact location on the device
    Info (169086): Pin clk not assigned to an exact location on the device
    Info (169086): Pin input_frame_error not assigned to an exact location on the device
    Info (169086): Pin input_frame_valid not assigned to an exact location on the device
    Info (169086): Pin input_frame_last not assigned to an exact location on the device
    Info (169086): Pin input_pixel_index[0] not assigned to an exact location on the device
    Info (169086): Pin input_pixel_index[1] not assigned to an exact location on the device
    Info (169086): Pin input_pixel_index[2] not assigned to an exact location on the device
    Info (169086): Pin input_pixel_index[3] not assigned to an exact location on the device
    Info (169086): Pin input_pixel_index[6] not assigned to an exact location on the device
    Info (169086): Pin input_pixel_index[7] not assigned to an exact location on the device
    Info (169086): Pin input_pixel_index[4] not assigned to an exact location on the device
    Info (169086): Pin input_pixel_index[5] not assigned to an exact location on the device
    Info (169086): Pin input_pixel[0] not assigned to an exact location on the device
    Info (169086): Pin input_pixel[1] not assigned to an exact location on the device
    Info (169086): Pin input_pixel[2] not assigned to an exact location on the device
    Info (169086): Pin input_pixel[3] not assigned to an exact location on the device
Info (332104): Reading SDC File: 'pipe3_8mhz.sdc'
Info (332129): Detected timing requirements -- optimizing circuit to achieve only the specified requirements
Info (332111): Found 1 clocks
    Info (332111):   Period   Clock Name
    Info (332111): ======== ============
    Info (332111):  125.000          clk
Info (176353): Automatically promoted node clk (placed in PIN 17 (CLK0, LVDSCLK0p, Input))
    Info (176355): Automatically promoted destinations to use location or clock signal Global Clock CLKCTRL_G2
Info (176233): Starting register packing
Info (176235): Finished register packing
    Extra Info (176218): Packed 67 registers into blocks of type Embedded multiplier block
Info (176214): Statistics of I/O pins that need to be placed that use the same VCCIO and VREF, before I/O pin placement
    Info (176211): Number of I/O pins in group: 79 (unused VREF, 3.3V VCCIO, 16 input, 63 output, 0 bidirectional)
        Info (176212): I/O standards used: 3.3-V LVTTL.
Info (176215): I/O bank details before I/O pin placement
    Info (176214): Statistics of I/O banks
        Info (176213): I/O bank number 1 does not use VREF pins and has undetermined VCCIO pins. 3 total pin(s) used --  16 pins available
        Info (176213): I/O bank number 2 does not use VREF pins and has undetermined VCCIO pins. 0 total pin(s) used --  23 pins available
        Info (176213): I/O bank number 3 does not use VREF pins and has undetermined VCCIO pins. 1 total pin(s) used --  22 pins available
        Info (176213): I/O bank number 4 does not use VREF pins and has undetermined VCCIO pins. 0 total pin(s) used --  24 pins available
Info (171121): Fitter preparation operations ending: elapsed time is 00:00:01
Info (170189): Fitter placement preparation operations beginning
Info (170190): Fitter placement preparation operations ending: elapsed time is 00:00:01
Info (170191): Fitter placement operations beginning
Info (170137): Fitter placement was successful
Info (170192): Fitter placement operations ending: elapsed time is 00:00:09
Info (170193): Fitter routing operations beginning
Info (170195): Router estimated average interconnect usage is 48% of the available device resources
    Info (170196): Router estimated peak interconnect usage is 55% of the available device resources in the region that extends from location X0_Y0 to location X13_Y14
Info (170194): Fitter routing operations ending: elapsed time is 00:02:07
Info (170134): Cannot fit design in device -- retrying with increased optimization that can result in longer processing time
    Info (170138): Failed to route the following 23 signal(s)
        Info (170139): Signal "LessThan19~126"
        Info (170139): Signal "LessThan14~126"
        Info (170139): Signal "LessThan3~126"
        Info (170139): Signal "scan_digit~0"
        Info (170139): Signal "LessThan11~126"
        Info (170139): Signal "LessThan13~126"
        Info (170139): Signal "scores[5][18]"
        Info (170139): Signal "scores[6][42]"
        Info (170139): Signal "scores[8][5]"
        Info (170139): Signal "scores[8][13]"
        Info (170139): Signal "scores[8][15]"
        Info (170139): Signal "scan_best~425"
        Info (170139): Signal "scan_best~424"
        Info (170139): Signal "scan_second~54"
        Info (170139): Signal "scan_second~291"
        Info (170139): Signal "scan_second~383"
        Info (170139): Signal "scan_second~625"
        Info (170139): Signal "Add6~28"
        Info (170139): Signal "scan_second~578"
        Info (170139): Signal "weight_reg[2]"
        Info (170139): Signal "altsyncram:hidden_rtl_0|altsyncram_4og1:auto_generated|ram_block1a41"
        Info (170139): Signal "altsyncram:hidden_rtl_0|altsyncram_4og1:auto_generated|ram_block1a10"
        Info (170139): Signal "altsyncram:hidden_rtl_0|altsyncram_4og1:auto_generated|ram_block1a1"
    Info (170140): Cannot fit design in device -- following 19 routing resource(s) needed by more than one signal during the last fitting attempt
        Info (170141): Routing resource R4 interconnect (X0_Y11, I72)
        Info (170141): Routing resource R4 interconnect (X8_Y3, I6)
        Info (170141): Routing resource R4 interconnect (X11_Y8, I4)
        Info (170141): Routing resource R4 interconnect (X11_Y10, I31)
        Info (170141): Routing resource R4 interconnect (X11_Y10, I32)
        Info (170141): Routing resource R4 interconnect (X12_Y6, I28)
        Info (170141): Routing resource R4 interconnect (X13_Y10, I25)
        Info (170141): Routing resource R4 interconnect (X16_Y8, I22)
        Info (170141): Routing resource C4 interconnect (X8_Y9, I13)
        Info (170141): Routing resource C4 interconnect (X14_Y7, I3)
        Info (170141): Routing resource C4 interconnect (X14_Y7, I12)
        Info (170141): Routing resource C4 interconnect (X14_Y8, I18)
        Info (170141): Routing resource C4 interconnect (X14_Y9, I6)
        Info (170141): Routing resource C4 interconnect (X14_Y12, I8)
        Info (170141): Routing resource LAB Block interconnect (X3_Y6, I4)
        Info (170141): Routing resource LAB Block interconnect (X4_Y6, I6)
        Info (170141): Routing resource LAB Block interconnect (X15_Y10, I25)
        Info (170141): Routing resource M4K Output (X11_Y8, I2)
        Info (170141): Routing resource LAB Input (X7_Y7, I13)
Info (170199): The Fitter performed an Auto Fit compilation.  Optimizations were skipped to reduce compilation time.
    Info (170200): Optimizations that may affect the design's timing were skipped
Info (170191): Fitter placement operations beginning
Info (170137): Fitter placement was successful
Info (170192): Fitter placement operations ending: elapsed time is 00:00:03
Info (170197): The Fitter will not skip routability optimizations in all subsequent fit attempts
Info (170189): Fitter placement preparation operations beginning
Info (170190): Fitter placement preparation operations ending: elapsed time is 00:00:01
Info (170191): Fitter placement operations beginning
Info (170137): Fitter placement was successful
Info (170192): Fitter placement operations ending: elapsed time is 00:00:22
Info (170193): Fitter routing operations beginning
Info (170195): Router estimated average interconnect usage is 41% of the available device resources
    Info (170196): Router estimated peak interconnect usage is 43% of the available device resources in the region that extends from location X14_Y0 to location X28_Y14
Info (170194): Fitter routing operations ending: elapsed time is 00:00:32
Info (170199): The Fitter performed an Auto Fit compilation.  Optimizations were skipped to reduce compilation time.
    Info (170200): Optimizations that may affect the design's timing were skipped
Info (11888): Total time spent on timing analysis during the Fitter is 5.56 seconds.
Info (306004): Started post-fitting delay annotation
Warning (306006): Found 63 output pins without output pin load capacitance assignment
    Info (306007): Pin "busy" has no specified output pin load capacitance -- assuming default load capacitance of 0 pF for timing analysis
    Info (306007): Pin "result_valid" has no specified output pin load capacitance -- assuming default load capacitance of 0 pF for timing analysis
    Info (306007): Pin "result_accepted" has no specified output pin load capacitance -- assuming default load capacitance of 0 pF for timing analysis
    Info (306007): Pin "result_digit[0]" has no specified output pin load capacitance -- assuming default load capacitance of 0 pF for timing analysis
    Info (306007): Pin "result_digit[1]" has no specified output pin load capacitance -- assuming default load capacitance of 0 pF for timing analysis
    Info (306007): Pin "result_digit[2]" has no specified output pin load capacitance -- assuming default load capacitance of 0 pF for timing analysis
    Info (306007): Pin "result_digit[3]" has no specified output pin load capacitance -- assuming default load capacitance of 0 pF for timing analysis
    Info (306007): Pin "result_confidence[0]" has no specified output pin load capacitance -- assuming default load capacitance of 0 pF for timing analysis
    Info (306007): Pin "result_confidence[1]" has no specified output pin load capacitance -- assuming default load capacitance of 0 pF for timing analysis
    Info (306007): Pin "result_confidence[2]" has no specified output pin load capacitance -- assuming default load capacitance of 0 pF for timing analysis
    Info (306007): Pin "result_confidence[3]" has no specified output pin load capacitance -- assuming default load capacitance of 0 pF for timing analysis
    Info (306007): Pin "result_confidence[4]" has no specified output pin load capacitance -- assuming default load capacitance of 0 pF for timing analysis
    Info (306007): Pin "result_confidence[5]" has no specified output pin load capacitance -- assuming default load capacitance of 0 pF for timing analysis
    Info (306007): Pin "result_confidence[6]" has no specified output pin load capacitance -- assuming default load capacitance of 0 pF for timing analysis
    Info (306007): Pin "result_confidence[7]" has no specified output pin load capacitance -- assuming default load capacitance of 0 pF for timing analysis
    Info (306007): Pin "result_margin[0]" has no specified output pin load capacitance -- assuming default load capacitance of 0 pF for timing analysis
    Info (306007): Pin "result_margin[1]" has no specified output pin load capacitance -- assuming default load capacitance of 0 pF for timing analysis
    Info (306007): Pin "result_margin[2]" has no specified output pin load capacitance -- assuming default load capacitance of 0 pF for timing analysis
    Info (306007): Pin "result_margin[3]" has no specified output pin load capacitance -- assuming default load capacitance of 0 pF for timing analysis
    Info (306007): Pin "result_margin[4]" has no specified output pin load capacitance -- assuming default load capacitance of 0 pF for timing analysis
    Info (306007): Pin "result_margin[5]" has no specified output pin load capacitance -- assuming default load capacitance of 0 pF for timing analysis
    Info (306007): Pin "result_margin[6]" has no specified output pin load capacitance -- assuming default load capacitance of 0 pF for timing analysis
    Info (306007): Pin "result_margin[7]" has no specified output pin load capacitance -- assuming default load capacitance of 0 pF for timing analysis
    Info (306007): Pin "result_margin[8]" has no specified output pin load capacitance -- assuming default load capacitance of 0 pF for timing analysis
    Info (306007): Pin "result_margin[9]" has no specified output pin load capacitance -- assuming default load capacitance of 0 pF for timing analysis
    Info (306007): Pin "result_margin[10]" has no specified output pin load capacitance -- assuming default load capacitance of 0 pF for timing analysis
    Info (306007): Pin "result_margin[11]" has no specified output pin load capacitance -- assuming default load capacitance of 0 pF for timing analysis
    Info (306007): Pin "result_margin[12]" has no specified output pin load capacitance -- assuming default load capacitance of 0 pF for timing analysis
    Info (306007): Pin "result_margin[13]" has no specified output pin load capacitance -- assuming default load capacitance of 0 pF for timing analysis
    Info (306007): Pin "result_margin[14]" has no specified output pin load capacitance -- assuming default load capacitance of 0 pF for timing analysis
    Info (306007): Pin "result_margin[15]" has no specified output pin load capacitance -- assuming default load capacitance of 0 pF for timing analysis
    Info (306007): Pin "result_cycles[0]" has no specified output pin load capacitance -- assuming default load capacitance of 0 pF for timing analysis
    Info (306007): Pin "result_cycles[1]" has no specified output pin load capacitance -- assuming default load capacitance of 0 pF for timing analysis
    Info (306007): Pin "result_cycles[2]" has no specified output pin load capacitance -- assuming default load capacitance of 0 pF for timing analysis
    Info (306007): Pin "result_cycles[3]" has no specified output pin load capacitance -- assuming default load capacitance of 0 pF for timing analysis
    Info (306007): Pin "result_cycles[4]" has no specified output pin load capacitance -- assuming default load capacitance of 0 pF for timing analysis
    Info (306007): Pin "result_cycles[5]" has no specified output pin load capacitance -- assuming default load capacitance of 0 pF for timing analysis
    Info (306007): Pin "result_cycles[6]" has no specified output pin load capacitance -- assuming default load capacitance of 0 pF for timing analysis
    Info (306007): Pin "result_cycles[7]" has no specified output pin load capacitance -- assuming default load capacitance of 0 pF for timing analysis
    Info (306007): Pin "result_cycles[8]" has no specified output pin load capacitance -- assuming default load capacitance of 0 pF for timing analysis
    Info (306007): Pin "result_cycles[9]" has no specified output pin load capacitance -- assuming default load capacitance of 0 pF for timing analysis
    Info (306007): Pin "result_cycles[10]" has no specified output pin load capacitance -- assuming default load capacitance of 0 pF for timing analysis
    Info (306007): Pin "result_cycles[11]" has no specified output pin load capacitance -- assuming default load capacitance of 0 pF for timing analysis
    Info (306007): Pin "result_cycles[12]" has no specified output pin load capacitance -- assuming default load capacitance of 0 pF for timing analysis
    Info (306007): Pin "result_cycles[13]" has no specified output pin load capacitance -- assuming default load capacitance of 0 pF for timing analysis
    Info (306007): Pin "result_cycles[14]" has no specified output pin load capacitance -- assuming default load capacitance of 0 pF for timing analysis
    Info (306007): Pin "result_cycles[15]" has no specified output pin load capacitance -- assuming default load capacitance of 0 pF for timing analysis
    Info (306007): Pin "result_cycles[16]" has no specified output pin load capacitance -- assuming default load capacitance of 0 pF for timing analysis
    Info (306007): Pin "result_cycles[17]" has no specified output pin load capacitance -- assuming default load capacitance of 0 pF for timing analysis
    Info (306007): Pin "result_cycles[18]" has no specified output pin load capacitance -- assuming default load capacitance of 0 pF for timing analysis
    Info (306007): Pin "result_cycles[19]" has no specified output pin load capacitance -- assuming default load capacitance of 0 pF for timing analysis
    Info (306007): Pin "result_cycles[20]" has no specified output pin load capacitance -- assuming default load capacitance of 0 pF for timing analysis
    Info (306007): Pin "result_cycles[21]" has no specified output pin load capacitance -- assuming default load capacitance of 0 pF for timing analysis
    Info (306007): Pin "result_cycles[22]" has no specified output pin load capacitance -- assuming default load capacitance of 0 pF for timing analysis
    Info (306007): Pin "result_cycles[23]" has no specified output pin load capacitance -- assuming default load capacitance of 0 pF for timing analysis
    Info (306007): Pin "result_cycles[24]" has no specified output pin load capacitance -- assuming default load capacitance of 0 pF for timing analysis
    Info (306007): Pin "result_cycles[25]" has no specified output pin load capacitance -- assuming default load capacitance of 0 pF for timing analysis
    Info (306007): Pin "result_cycles[26]" has no specified output pin load capacitance -- assuming default load capacitance of 0 pF for timing analysis
    Info (306007): Pin "result_cycles[27]" has no specified output pin load capacitance -- assuming default load capacitance of 0 pF for timing analysis
    Info (306007): Pin "result_cycles[28]" has no specified output pin load capacitance -- assuming default load capacitance of 0 pF for timing analysis
    Info (306007): Pin "result_cycles[29]" has no specified output pin load capacitance -- assuming default load capacitance of 0 pF for timing analysis
    Info (306007): Pin "result_cycles[30]" has no specified output pin load capacitance -- assuming default load capacitance of 0 pF for timing analysis
    Info (306007): Pin "result_cycles[31]" has no specified output pin load capacitance -- assuming default load capacitance of 0 pF for timing analysis
Info (306005): Delay annotation completed successfully
Info (306004): Started post-fitting delay annotation
Info (306005): Delay annotation completed successfully
Info (11218): Fitter post-fit operations ending: elapsed time is 00:00:02
Info (176045): Design uses memory blocks. Violating setup or hold times of memory block address registers for either read or write operations could cause memory contents to be corrupted. Make sure that all memory block address registers meet the setup and hold time requirements.
Info (144001): Generated suppressed messages file D:/fpga/cyclone2-handwriting-ml/rtl/synthesis/pipeline_versions/pipe3_8mhz/pipe3_8mhz.fit.smsg
Info: Quartus II 64-Bit Fitter was successful. 0 errors, 3 warnings
    Info: Peak virtual memory: 5310 megabytes
    Info: Processing ended: Wed Sep 30 20:14:27 2026
    Info: Elapsed time: 00:03:22
    Info: Total CPU time (on all processors): 00:04:41
Info: *******************************************************************
Info: Running Quartus II 64-Bit Assembler
    Info: Version 13.0.1 Build 232 06/12/2013 Service Pack 1 SJ Web Edition
    Info: Processing started: Wed Sep 30 20:14:28 2026
Info: Command: quartus_asm --read_settings_files=off --write_settings_files=off pipe3_8mhz -c pipe3_8mhz
Info (115031): Writing out detailed assembly data for power analysis
Info (115030): Assembler is generating device programming files
Info: Quartus II 64-Bit Assembler was successful. 0 errors, 0 warnings
    Info: Peak virtual memory: 4574 megabytes
    Info: Processing ended: Wed Sep 30 20:14:29 2026
    Info: Elapsed time: 00:00:01
    Info: Total CPU time (on all processors): 00:00:01
Info (293026): Skipped module PowerPlay Power Analyzer due to the assignment FLOW_ENABLE_POWER_ANALYZER
Info: *******************************************************************
Info: Running Quartus II 64-Bit TimeQuest Timing Analyzer
    Info: Version 13.0.1 Build 232 06/12/2013 Service Pack 1 SJ Web Edition
    Info: Processing started: Wed Sep 30 20:14:30 2026
Info: Command: quartus_sta pipe3_8mhz -c pipe3_8mhz
Info: qsta_default_script.tcl version: #1
Info (20030): Parallel compilation is enabled and will use 6 of the 6 processors detected
Info (332104): Reading SDC File: 'pipe3_8mhz.sdc'
Info: Found TIMEQUEST_REPORT_SCRIPT_INCLUDE_DEFAULT_ANALYSIS = ON
Info: Analyzing Slow Model
Info (332146): Worst-case setup slack is 5.015
    Info (332119):     Slack End Point TNS Clock 
    Info (332119): ========= ============= =====================
    Info (332119):     5.015         0.000 clk 
Info (332146): Worst-case hold slack is 0.499
    Info (332119):     Slack End Point TNS Clock 
    Info (332119): ========= ============= =====================
    Info (332119):     0.499         0.000 clk 
Info (332140): No Recovery paths to report
Info (332140): No Removal paths to report
Info (332146): Worst-case minimum pulse width slack is 59.433
    Info (332119):     Slack End Point TNS Clock 
    Info (332119): ========= ============= =====================
    Info (332119):    59.433         0.000 clk 
Info (332001): The selected device family is not supported by the report_metastability command.
Info: Analyzing Fast Model
Info (332146): Worst-case setup slack is 80.214
    Info (332119):     Slack End Point TNS Clock 
    Info (332119): ========= ============= =====================
    Info (332119):    80.214         0.000 clk 
Info (332146): Worst-case hold slack is 0.215
    Info (332119):     Slack End Point TNS Clock 
    Info (332119): ========= ============= =====================
    Info (332119):     0.215         0.000 clk 
Info (332140): No Recovery paths to report
Info (332140): No Removal paths to report
Info (332146): Worst-case minimum pulse width slack is 60.373
    Info (332119):     Slack End Point TNS Clock 
    Info (332119): ========= ============= =====================
    Info (332119):    60.373         0.000 clk 
Info (332001): The selected device family is not supported by the report_metastability command.
Info (332102): Design is not fully constrained for setup requirements
Info (332102): Design is not fully constrained for hold requirements
Info: Quartus II 64-Bit TimeQuest Timing Analyzer was successful. 0 errors, 0 warnings
    Info: Peak virtual memory: 4634 megabytes
    Info: Processing ended: Wed Sep 30 20:14:32 2026
    Info: Elapsed time: 00:00:02
    Info: Total CPU time (on all processors): 00:00:02
Info (293000): Quartus II Full Compilation was successful. 0 errors, 14 warnings
Info (23030): Evaluation of Tcl script d:/program/altera/13.0sp1/quartus/common/tcl/internal/qsh_flow.tcl was successful
Info: Quartus II 64-Bit Shell was successful. 0 errors, 14 warnings
    Info: Peak virtual memory: 4345 megabytes
    Info: Processing ended: Wed Sep 30 20:14:33 2026
    Info: Elapsed time: 00:03:47
    Info: Total CPU time (on all processors): 00:00:02
