Info: *******************************************************************
Info: Running Quartus II 64-Bit Shell
    Info: Version 13.0.1 Build 232 06/12/2013 Service Pack 1 SJ Web Edition
    Info: Copyright (C) 1991-2013 Altera Corporation. All rights reserved.
    Info: Your use of Altera Corporation's design tools, logic functions 
    Info: and other software and tools, and its AMPP partner logic 
    Info: functions, and any output files from any of the foregoing 
    Info: (including device programming or simulation files), and any 
    Info: associated documentation or information are expressly subject 
    Info: to the terms and conditions of the Altera Program License 
    Info: Subscription Agreement, Altera MegaCore Function License 
    Info: Agreement, or other applicable license agreement, including, 
    Info: without limitation, that your use is for the sole purpose of 
    Info: programming logic devices manufactured by Altera and sold by 
    Info: Altera or its authorized distributors.  Please refer to the 
    Info: applicable agreement for further details.
    Info: Processing started: Fri Oct 02 23:07:33 2026
Info: Command: quartus_sh --flow compile fx2_ml_bridge
Info: Quartus(args): compile fx2_ml_bridge
Info: Project Name = D:/fpga/cyclone2-handwriting-ml/rtl/fx2_ml_bridge/fx2_ml_bridge
Info: Revision Name = fx2_ml_bridge
Info: *******************************************************************
Info: Running Quartus II 64-Bit Analysis & Synthesis
    Info: Version 13.0.1 Build 232 06/12/2013 Service Pack 1 SJ Web Edition
    Info: Processing started: Fri Oct 02 23:07:36 2026
Info: Command: quartus_map --read_settings_files=on --write_settings_files=off fx2_ml_bridge -c fx2_ml_bridge
Info (20030): Parallel compilation is enabled and will use 6 of the 6 processors detected
Info (12021): Found 1 design units, including 1 entities, in source file ml_fx2_stream_bridge.sv
    Info (12023): Found entity 1: ml_fx2_stream_bridge
Info (12021): Found 1 design units, including 1 entities, in source file /fpga/cyclone2-handwriting-ml/rtl/ml_inference.sv
    Info (12023): Found entity 1: ml_inference
Info (12127): Elaborating entity "ml_fx2_stream_bridge" for the top level hierarchy
Warning (10230): Verilog HDL assignment warning at ml_fx2_stream_bridge.sv(75): truncated value with size 32 to match size of target (7)
Warning (10230): Verilog HDL assignment warning at ml_fx2_stream_bridge.sv(89): truncated value with size 32 to match size of target (8)
Warning (10230): Verilog HDL assignment warning at ml_fx2_stream_bridge.sv(133): truncated value with size 32 to match size of target (4)
Info (12128): Elaborating entity "ml_inference" for hierarchy "ml_inference:core_i"
Warning (10230): Verilog HDL assignment warning at ml_inference.sv(35): truncated value with size 32 to match size of target (13)
Warning (10230): Verilog HDL assignment warning at ml_inference.sv(36): truncated value with size 32 to match size of target (9)
Warning (10230): Verilog HDL assignment warning at ml_inference.sv(37): truncated value with size 32 to match size of target (6)
Warning (10230): Verilog HDL assignment warning at ml_inference.sv(38): truncated value with size 32 to match size of target (4)
Warning (10230): Verilog HDL assignment warning at ml_inference.sv(103): truncated value with size 32 to match size of target (8)
Warning (10230): Verilog HDL assignment warning at ml_inference.sv(104): truncated value with size 32 to match size of target (16)
Info (12128): Elaborating entity "altsyncram" for hierarchy "ml_inference:core_i|altsyncram:l1_rom"
Info (12130): Elaborated megafunction instantiation "ml_inference:core_i|altsyncram:l1_rom"
Info (12133): Instantiated megafunction "ml_inference:core_i|altsyncram:l1_rom" with the following parameter:
    Info (12134): Parameter "operation_mode" = "ROM"
    Info (12134): Parameter "width_a" = "8"
    Info (12134): Parameter "widthad_a" = "13"
    Info (12134): Parameter "numwords_a" = "6272"
    Info (12134): Parameter "outdata_reg_a" = "UNREGISTERED"
    Info (12134): Parameter "init_file" = "../../artifacts/weights_l1.mif"
    Info (12134): Parameter "lpm_type" = "altsyncram"
Info (12021): Found 1 design units, including 1 entities, in source file db/altsyncram_vqt.tdf
    Info (12023): Found entity 1: altsyncram_vqt
Info (12128): Elaborating entity "altsyncram_vqt" for hierarchy "ml_inference:core_i|altsyncram:l1_rom|altsyncram_vqt:auto_generated"
Info (12021): Found 1 design units, including 1 entities, in source file db/decode_1oa.tdf
    Info (12023): Found entity 1: decode_1oa
Info (12128): Elaborating entity "decode_1oa" for hierarchy "ml_inference:core_i|altsyncram:l1_rom|altsyncram_vqt:auto_generated|decode_1oa:deep_decode"
Info (12021): Found 1 design units, including 1 entities, in source file db/mux_hib.tdf
    Info (12023): Found entity 1: mux_hib
Info (12128): Elaborating entity "mux_hib" for hierarchy "ml_inference:core_i|altsyncram:l1_rom|altsyncram_vqt:auto_generated|mux_hib:mux2"
Info (12128): Elaborating entity "altsyncram" for hierarchy "ml_inference:core_i|altsyncram:l2_rom"
Info (12130): Elaborated megafunction instantiation "ml_inference:core_i|altsyncram:l2_rom"
Info (12133): Instantiated megafunction "ml_inference:core_i|altsyncram:l2_rom" with the following parameter:
    Info (12134): Parameter "operation_mode" = "ROM"
    Info (12134): Parameter "width_a" = "8"
    Info (12134): Parameter "widthad_a" = "9"
    Info (12134): Parameter "numwords_a" = "320"
    Info (12134): Parameter "outdata_reg_a" = "UNREGISTERED"
    Info (12134): Parameter "init_file" = "../../artifacts/weights_l2.mif"
    Info (12134): Parameter "lpm_type" = "altsyncram"
Info (12021): Found 1 design units, including 1 entities, in source file db/altsyncram_pnt.tdf
    Info (12023): Found entity 1: altsyncram_pnt
Info (12128): Elaborating entity "altsyncram_pnt" for hierarchy "ml_inference:core_i|altsyncram:l2_rom|altsyncram_pnt:auto_generated"
Info (12128): Elaborating entity "altsyncram" for hierarchy "ml_inference:core_i|altsyncram:b1_rom"
Info (12130): Elaborated megafunction instantiation "ml_inference:core_i|altsyncram:b1_rom"
Info (12133): Instantiated megafunction "ml_inference:core_i|altsyncram:b1_rom" with the following parameter:
    Info (12134): Parameter "operation_mode" = "ROM"
    Info (12134): Parameter "width_a" = "32"
    Info (12134): Parameter "widthad_a" = "6"
    Info (12134): Parameter "numwords_a" = "32"
    Info (12134): Parameter "outdata_reg_a" = "UNREGISTERED"
    Info (12134): Parameter "init_file" = "../../artifacts/bias_l1.mif"
    Info (12134): Parameter "lpm_type" = "altsyncram"
Warning (287001): Assertion warning: Not using extra address lines in altsyncram megafunction design -- 32 memory words in side A specified but total number of address lines is 6
Info (12021): Found 1 design units, including 1 entities, in source file db/altsyncram_mct.tdf
    Info (12023): Found entity 1: altsyncram_mct
Info (12128): Elaborating entity "altsyncram_mct" for hierarchy "ml_inference:core_i|altsyncram:b1_rom|altsyncram_mct:auto_generated"
Info (12128): Elaborating entity "altsyncram" for hierarchy "ml_inference:core_i|altsyncram:b2_rom"
Info (12130): Elaborated megafunction instantiation "ml_inference:core_i|altsyncram:b2_rom"
Info (12133): Instantiated megafunction "ml_inference:core_i|altsyncram:b2_rom" with the following parameter:
    Info (12134): Parameter "operation_mode" = "ROM"
    Info (12134): Parameter "width_a" = "32"
    Info (12134): Parameter "widthad_a" = "4"
    Info (12134): Parameter "numwords_a" = "10"
    Info (12134): Parameter "outdata_reg_a" = "UNREGISTERED"
    Info (12134): Parameter "init_file" = "../../artifacts/bias_l2.mif"
    Info (12134): Parameter "lpm_type" = "altsyncram"
Info (12021): Found 1 design units, including 1 entities, in source file db/altsyncram_hct.tdf
    Info (12023): Found entity 1: altsyncram_hct
Info (12128): Elaborating entity "altsyncram_hct" for hierarchy "ml_inference:core_i|altsyncram:b2_rom|altsyncram_hct:auto_generated"
Warning (276020): Inferred RAM node "ml_inference:core_i|hidden_rtl_0" from synchronous design logic.  Pass-through logic has been added to match the read-during-write behavior of the original design.
Warning (276020): Inferred RAM node "ml_inference:core_i|input_mem_rtl_0" from synchronous design logic.  Pass-through logic has been added to match the read-during-write behavior of the original design.
Info (19000): Inferred 2 megafunctions from design logic
    Info (276029): Inferred altsyncram megafunction from the following design logic: "ml_inference:core_i|hidden_rtl_0" 
        Info (286033): Parameter OPERATION_MODE set to DUAL_PORT
        Info (286033): Parameter WIDTH_A set to 63
        Info (286033): Parameter WIDTHAD_A set to 5
        Info (286033): Parameter NUMWORDS_A set to 32
        Info (286033): Parameter WIDTH_B set to 63
        Info (286033): Parameter WIDTHAD_B set to 5
        Info (286033): Parameter NUMWORDS_B set to 32
        Info (286033): Parameter ADDRESS_ACLR_A set to NONE
        Info (286033): Parameter OUTDATA_REG_B set to UNREGISTERED
        Info (286033): Parameter ADDRESS_ACLR_B set to NONE
        Info (286033): Parameter OUTDATA_ACLR_B set to NONE
        Info (286033): Parameter ADDRESS_REG_B set to CLOCK0
        Info (286033): Parameter INDATA_ACLR_A set to NONE
        Info (286033): Parameter WRCONTROL_ACLR_A set to NONE
        Info (286033): Parameter READ_DURING_WRITE_MODE_MIXED_PORTS set to OLD_DATA
    Info (276029): Inferred altsyncram megafunction from the following design logic: "ml_inference:core_i|input_mem_rtl_0" 
        Info (286033): Parameter OPERATION_MODE set to DUAL_PORT
        Info (286033): Parameter WIDTH_A set to 4
        Info (286033): Parameter WIDTHAD_A set to 8
        Info (286033): Parameter NUMWORDS_A set to 196
        Info (286033): Parameter WIDTH_B set to 4
        Info (286033): Parameter WIDTHAD_B set to 8
        Info (286033): Parameter NUMWORDS_B set to 196
        Info (286033): Parameter ADDRESS_ACLR_A set to NONE
        Info (286033): Parameter OUTDATA_REG_B set to UNREGISTERED
        Info (286033): Parameter ADDRESS_ACLR_B set to NONE
        Info (286033): Parameter OUTDATA_ACLR_B set to NONE
        Info (286033): Parameter ADDRESS_REG_B set to CLOCK0
        Info (286033): Parameter INDATA_ACLR_A set to NONE
        Info (286033): Parameter WRCONTROL_ACLR_A set to NONE
        Info (286033): Parameter READ_DURING_WRITE_MODE_MIXED_PORTS set to OLD_DATA
Info (278001): Inferred 3 megafunctions from design logic
    Info (278003): Inferred multiplier megafunction ("lpm_mult") from the following logic: "ml_inference:core_i|Mult1"
    Info (278003): Inferred multiplier megafunction ("lpm_mult") from the following logic: "ml_inference:core_i|Mult2"
    Info (278003): Inferred multiplier megafunction ("lpm_mult") from the following logic: "ml_inference:core_i|Mult0"
Info (12130): Elaborated megafunction instantiation "ml_inference:core_i|altsyncram:hidden_rtl_0"
Info (12133): Instantiated megafunction "ml_inference:core_i|altsyncram:hidden_rtl_0" with the following parameter:
    Info (12134): Parameter "OPERATION_MODE" = "DUAL_PORT"
    Info (12134): Parameter "WIDTH_A" = "63"
    Info (12134): Parameter "WIDTHAD_A" = "5"
    Info (12134): Parameter "NUMWORDS_A" = "32"
    Info (12134): Parameter "WIDTH_B" = "63"
    Info (12134): Parameter "WIDTHAD_B" = "5"
    Info (12134): Parameter "NUMWORDS_B" = "32"
    Info (12134): Parameter "ADDRESS_ACLR_A" = "NONE"
    Info (12134): Parameter "OUTDATA_REG_B" = "UNREGISTERED"
    Info (12134): Parameter "ADDRESS_ACLR_B" = "NONE"
    Info (12134): Parameter "OUTDATA_ACLR_B" = "NONE"
    Info (12134): Parameter "ADDRESS_REG_B" = "CLOCK0"
    Info (12134): Parameter "INDATA_ACLR_A" = "NONE"
    Info (12134): Parameter "WRCONTROL_ACLR_A" = "NONE"
    Info (12134): Parameter "READ_DURING_WRITE_MODE_MIXED_PORTS" = "OLD_DATA"
Info (12021): Found 1 design units, including 1 entities, in source file db/altsyncram_4og1.tdf
    Info (12023): Found entity 1: altsyncram_4og1
Info (12130): Elaborated megafunction instantiation "ml_inference:core_i|altsyncram:input_mem_rtl_0"
Info (12133): Instantiated megafunction "ml_inference:core_i|altsyncram:input_mem_rtl_0" with the following parameter:
    Info (12134): Parameter "OPERATION_MODE" = "DUAL_PORT"
    Info (12134): Parameter "WIDTH_A" = "4"
    Info (12134): Parameter "WIDTHAD_A" = "8"
    Info (12134): Parameter "NUMWORDS_A" = "196"
    Info (12134): Parameter "WIDTH_B" = "4"
    Info (12134): Parameter "WIDTHAD_B" = "8"
    Info (12134): Parameter "NUMWORDS_B" = "196"
    Info (12134): Parameter "ADDRESS_ACLR_A" = "NONE"
    Info (12134): Parameter "OUTDATA_REG_B" = "UNREGISTERED"
    Info (12134): Parameter "ADDRESS_ACLR_B" = "NONE"
    Info (12134): Parameter "OUTDATA_ACLR_B" = "NONE"
    Info (12134): Parameter "ADDRESS_REG_B" = "CLOCK0"
    Info (12134): Parameter "INDATA_ACLR_A" = "NONE"
    Info (12134): Parameter "WRCONTROL_ACLR_A" = "NONE"
    Info (12134): Parameter "READ_DURING_WRITE_MODE_MIXED_PORTS" = "OLD_DATA"
Info (12021): Found 1 design units, including 1 entities, in source file db/altsyncram_mog1.tdf
    Info (12023): Found entity 1: altsyncram_mog1
Info (12130): Elaborated megafunction instantiation "ml_inference:core_i|lpm_mult:Mult1"
Info (12133): Instantiated megafunction "ml_inference:core_i|lpm_mult:Mult1" with the following parameter:
    Info (12134): Parameter "LPM_WIDTHA" = "5"
    Info (12134): Parameter "LPM_WIDTHB" = "8"
    Info (12134): Parameter "LPM_WIDTHP" = "13"
    Info (12134): Parameter "LPM_WIDTHR" = "13"
    Info (12134): Parameter "LPM_WIDTHS" = "1"
    Info (12134): Parameter "LPM_REPRESENTATION" = "SIGNED"
    Info (12134): Parameter "INPUT_A_IS_CONSTANT" = "NO"
    Info (12134): Parameter "INPUT_B_IS_CONSTANT" = "NO"
    Info (12134): Parameter "MAXIMIZE_SPEED" = "5"
Info (12021): Found 1 design units, including 1 entities, in source file db/mult_fus.tdf
    Info (12023): Found entity 1: mult_fus
Info (12130): Elaborated megafunction instantiation "ml_inference:core_i|lpm_mult:Mult2"
Info (12133): Instantiated megafunction "ml_inference:core_i|lpm_mult:Mult2" with the following parameter:
    Info (12134): Parameter "LPM_WIDTHA" = "64"
    Info (12134): Parameter "LPM_WIDTHB" = "8"
    Info (12134): Parameter "LPM_WIDTHP" = "72"
    Info (12134): Parameter "LPM_WIDTHR" = "72"
    Info (12134): Parameter "LPM_WIDTHS" = "1"
    Info (12134): Parameter "LPM_REPRESENTATION" = "SIGNED"
    Info (12134): Parameter "INPUT_A_IS_CONSTANT" = "NO"
    Info (12134): Parameter "INPUT_B_IS_CONSTANT" = "NO"
    Info (12134): Parameter "MAXIMIZE_SPEED" = "5"
Info (12021): Found 1 design units, including 1 entities, in source file db/mult_90t.tdf
    Info (12023): Found entity 1: mult_90t
Info (12130): Elaborated megafunction instantiation "ml_inference:core_i|lpm_mult:Mult0"
Info (12133): Instantiated megafunction "ml_inference:core_i|lpm_mult:Mult0" with the following parameter:
    Info (12134): Parameter "LPM_WIDTHA" = "13"
    Info (12134): Parameter "LPM_WIDTHB" = "9"
    Info (12134): Parameter "LPM_WIDTHP" = "22"
    Info (12134): Parameter "LPM_WIDTHR" = "22"
    Info (12134): Parameter "LPM_WIDTHS" = "1"
    Info (12134): Parameter "LPM_REPRESENTATION" = "SIGNED"
    Info (12134): Parameter "INPUT_A_IS_CONSTANT" = "NO"
    Info (12134): Parameter "INPUT_B_IS_CONSTANT" = "YES"
    Info (12134): Parameter "MAXIMIZE_SPEED" = "6"
Info (12131): Elaborated megafunction instantiation "ml_inference:core_i|lpm_mult:Mult0|multcore:mult_core", which is child of megafunction instantiation "ml_inference:core_i|lpm_mult:Mult0"
Info (12131): Elaborated megafunction instantiation "ml_inference:core_i|lpm_mult:Mult0|multcore:mult_core|mpar_add:padder", which is child of megafunction instantiation "ml_inference:core_i|lpm_mult:Mult0"
Info (12131): Elaborated megafunction instantiation "ml_inference:core_i|lpm_mult:Mult0|multcore:mult_core|mpar_add:padder|lpm_add_sub:adder[1]", which is child of megafunction instantiation "ml_inference:core_i|lpm_mult:Mult0"
Info (12021): Found 1 design units, including 1 entities, in source file db/add_sub_rfh.tdf
    Info (12023): Found entity 1: add_sub_rfh
Info (12131): Elaborated megafunction instantiation "ml_inference:core_i|lpm_mult:Mult0|multcore:mult_core|mpar_add:padder|lpm_add_sub:adder[0]", which is child of megafunction instantiation "ml_inference:core_i|lpm_mult:Mult0"
Info (12021): Found 1 design units, including 1 entities, in source file db/add_sub_15h.tdf
    Info (12023): Found entity 1: add_sub_15h
Info (12131): Elaborated megafunction instantiation "ml_inference:core_i|lpm_mult:Mult0|multcore:mult_core|mpar_add:padder|mpar_add:sub_par_add", which is child of megafunction instantiation "ml_inference:core_i|lpm_mult:Mult0"
Info (12131): Elaborated megafunction instantiation "ml_inference:core_i|lpm_mult:Mult0|multcore:mult_core|mpar_add:padder|mpar_add:sub_par_add|lpm_add_sub:adder[0]", which is child of megafunction instantiation "ml_inference:core_i|lpm_mult:Mult0"
Info (12021): Found 1 design units, including 1 entities, in source file db/add_sub_vfh.tdf
    Info (12023): Found entity 1: add_sub_vfh
Info (12131): Elaborated megafunction instantiation "ml_inference:core_i|lpm_mult:Mult0|altshift:external_latency_ffs", which is child of megafunction instantiation "ml_inference:core_i|lpm_mult:Mult0"
Info (13014): Ignored 194 buffer(s)
    Info (13019): Ignored 194 SOFT buffer(s)
Info (13000): Registers with preset signals will power-up high
Info (13003): DEV_CLRn pin will set, and not reset, register with preset signal due to NOT Gate Push-Back
Warning (13024): Output pins are stuck at VCC or GND
    Warning (13410): Pin "FIFOADR[0]" is stuck at GND
    Warning (13410): Pin "buzz" is stuck at VCC
Info (17049): 5 registers lost all their fanouts during netlist optimizations.
Info (144001): Generated suppressed messages file D:/fpga/cyclone2-handwriting-ml/rtl/fx2_ml_bridge/fx2_ml_bridge.map.smsg
Info (16010): Generating hard_block partition "hard_block:auto_generated_inst"
    Info (16011): Adding 0 node(s), including 0 DDIO, 0 PLL, 0 transceiver and 0 LCELL
Warning (21074): Design contains 2 input pin(s) that do not drive logic
    Warning (15610): No output dependent on input pin "FLAGB"
    Warning (15610): No output dependent on input pin "FLAGC"
Info (21057): Implemented 5074 device resources after synthesis - the final resource count might be different
    Info (21058): Implemented 5 input pins
    Info (21059): Implemented 10 output pins
    Info (21060): Implemented 16 bidirectional pins
    Info (21061): Implemented 4879 logic cells
    Info (21064): Implemented 155 RAM segments
    Info (21062): Implemented 9 DSP elements
Info: Quartus II 64-Bit Analysis & Synthesis was successful. 0 errors, 18 warnings
    Info: Peak virtual memory: 4630 megabytes
    Info: Processing ended: Fri Oct 02 23:07:52 2026
    Info: Elapsed time: 00:00:16
    Info: Total CPU time (on all processors): 00:00:16
Info: *******************************************************************
Info: Running Quartus II 64-Bit Fitter
    Info: Version 13.0.1 Build 232 06/12/2013 Service Pack 1 SJ Web Edition
    Info: Processing started: Fri Oct 02 23:07:53 2026
Info: Command: quartus_fit --read_settings_files=off --write_settings_files=off fx2_ml_bridge -c fx2_ml_bridge
Info: qfit2_default_script.tcl version: #1
Info: Project  = fx2_ml_bridge
Info: Revision = fx2_ml_bridge
Info (20030): Parallel compilation is enabled and will use 6 of the 6 processors detected
Info (119006): Selected device EP2C5T144C8 for design "fx2_ml_bridge"
Info (171003): Fitter is performing an Auto Fit compilation, which may decrease Fitter effort to reduce compilation time
Warning (292013): Feature LogicLock is only available with a valid subscription license. You can purchase a software subscription to gain full access to this feature.
Info (176444): Device migration not selected. If you intend to use device migration later, you may need to change the pin assignments as they may be incompatible with other devices
    Info (176445): Device EP2C5T144I8 is compatible
    Info (176445): Device EP2C8T144C8 is compatible
    Info (176445): Device EP2C8T144I8 is compatible
Info (169124): Fitter converted 2 user pins into dedicated programming pins
    Info (169125): Pin ~ASDO~ is reserved at location 1
    Info (169125): Pin ~nCSO~ is reserved at location 2
Info (176045): Design uses memory blocks. Violating setup or hold times of memory block address registers for either read or write operations could cause memory contents to be corrupted. Make sure that all memory block address registers meet the setup and hold time requirements.
Info (332104): Reading SDC File: 'fx2_ml_bridge.sdc'
Info (332129): Detected timing requirements -- optimizing circuit to achieve only the specified requirements
Info (332111): Found 1 clocks
    Info (332111):   Period   Clock Name
    Info (332111): ======== ============
    Info (332111):   20.000          clk
Info (176353): Automatically promoted node clk (placed in PIN 17 (CLK0, LVDSCLK0p, Input))
    Info (176355): Automatically promoted destinations to use location or clock signal Global Clock CLKCTRL_G2
Info (176353): Automatically promoted node rst (placed in PIN 88 (CLK7, LVDSCLK3n, Input))
    Info (176355): Automatically promoted destinations to use location or clock signal Global Clock CLKCTRL_G7
    Info (176356): Following destination nodes may be non-global or may not use global or regional clocks
        Info (176357): Destination node ml_inference:core_i|acc[63]
        Info (176357): Destination node ml_inference:core_i|acc[62]
        Info (176357): Destination node ml_inference:core_i|acc[61]
        Info (176357): Destination node ml_inference:core_i|acc[60]
        Info (176357): Destination node ml_inference:core_i|acc[59]
        Info (176357): Destination node ml_inference:core_i|acc[58]
        Info (176357): Destination node ml_inference:core_i|acc[57]
        Info (176357): Destination node ml_inference:core_i|acc[56]
        Info (176357): Destination node ml_inference:core_i|acc[55]
        Info (176357): Destination node ml_inference:core_i|acc[54]
        Info (176358): Non-global destination nodes limited to 10 nodes
Info (176233): Starting register packing
Info (176235): Finished register packing
    Extra Info (176219): No registers were packed into other blocks
Info (171121): Fitter preparation operations ending: elapsed time is 00:00:01
Info (170189): Fitter placement preparation operations beginning
Info (170190): Fitter placement preparation operations ending: elapsed time is 00:00:01
Info (170191): Fitter placement operations beginning
Info (170137): Fitter placement was successful
Info (170192): Fitter placement operations ending: elapsed time is 00:00:06
Info (170193): Fitter routing operations beginning
Info (170195): Router estimated average interconnect usage is 34% of the available device resources
    Info (170196): Router estimated peak interconnect usage is 36% of the available device resources in the region that extends from location X14_Y0 to location X28_Y14
Info (170194): Fitter routing operations ending: elapsed time is 00:00:04
Info (170199): The Fitter performed an Auto Fit compilation.  Optimizations were skipped to reduce compilation time.
    Info (170200): Optimizations that may affect the design's timing were skipped
Info (11888): Total time spent on timing analysis during the Fitter is 2.83 seconds.
Info (306004): Started post-fitting delay annotation
Warning (306006): Found 26 output pins without output pin load capacitance assignment
    Info (306007): Pin "FIFODATA[0]" has no specified output pin load capacitance -- assuming default load capacitance of 0 pF for timing analysis
    Info (306007): Pin "FIFODATA[1]" has no specified output pin load capacitance -- assuming default load capacitance of 0 pF for timing analysis
    Info (306007): Pin "FIFODATA[2]" has no specified output pin load capacitance -- assuming default load capacitance of 0 pF for timing analysis
    Info (306007): Pin "FIFODATA[3]" has no specified output pin load capacitance -- assuming default load capacitance of 0 pF for timing analysis
    Info (306007): Pin "FIFODATA[4]" has no specified output pin load capacitance -- assuming default load capacitance of 0 pF for timing analysis
    Info (306007): Pin "FIFODATA[5]" has no specified output pin load capacitance -- assuming default load capacitance of 0 pF for timing analysis
    Info (306007): Pin "FIFODATA[6]" has no specified output pin load capacitance -- assuming default load capacitance of 0 pF for timing analysis
    Info (306007): Pin "FIFODATA[7]" has no specified output pin load capacitance -- assuming default load capacitance of 0 pF for timing analysis
    Info (306007): Pin "FIFODATA[8]" has no specified output pin load capacitance -- assuming default load capacitance of 0 pF for timing analysis
    Info (306007): Pin "FIFODATA[9]" has no specified output pin load capacitance -- assuming default load capacitance of 0 pF for timing analysis
    Info (306007): Pin "FIFODATA[10]" has no specified output pin load capacitance -- assuming default load capacitance of 0 pF for timing analysis
    Info (306007): Pin "FIFODATA[11]" has no specified output pin load capacitance -- assuming default load capacitance of 0 pF for timing analysis
    Info (306007): Pin "FIFODATA[12]" has no specified output pin load capacitance -- assuming default load capacitance of 0 pF for timing analysis
    Info (306007): Pin "FIFODATA[13]" has no specified output pin load capacitance -- assuming default load capacitance of 0 pF for timing analysis
    Info (306007): Pin "FIFODATA[14]" has no specified output pin load capacitance -- assuming default load capacitance of 0 pF for timing analysis
    Info (306007): Pin "FIFODATA[15]" has no specified output pin load capacitance -- assuming default load capacitance of 0 pF for timing analysis
    Info (306007): Pin "SLOE" has no specified output pin load capacitance -- assuming default load capacitance of 0 pF for timing analysis
    Info (306007): Pin "SLRD" has no specified output pin load capacitance -- assuming default load capacitance of 0 pF for timing analysis
    Info (306007): Pin "FIFOADR[0]" has no specified output pin load capacitance -- assuming default load capacitance of 0 pF for timing analysis
    Info (306007): Pin "FIFOADR[1]" has no specified output pin load capacitance -- assuming default load capacitance of 0 pF for timing analysis
    Info (306007): Pin "SLWR" has no specified output pin load capacitance -- assuming default load capacitance of 0 pF for timing analysis
    Info (306007): Pin "led[0]" has no specified output pin load capacitance -- assuming default load capacitance of 0 pF for timing analysis
    Info (306007): Pin "led[1]" has no specified output pin load capacitance -- assuming default load capacitance of 0 pF for timing analysis
    Info (306007): Pin "led[2]" has no specified output pin load capacitance -- assuming default load capacitance of 0 pF for timing analysis
    Info (306007): Pin "led[3]" has no specified output pin load capacitance -- assuming default load capacitance of 0 pF for timing analysis
    Info (306007): Pin "buzz" has no specified output pin load capacitance -- assuming default load capacitance of 0 pF for timing analysis
Info (306005): Delay annotation completed successfully
Info (306004): Started post-fitting delay annotation
Info (306005): Delay annotation completed successfully
Info (11218): Fitter post-fit operations ending: elapsed time is 00:00:01
Info (176045): Design uses memory blocks. Violating setup or hold times of memory block address registers for either read or write operations could cause memory contents to be corrupted. Make sure that all memory block address registers meet the setup and hold time requirements.
Info (144001): Generated suppressed messages file D:/fpga/cyclone2-handwriting-ml/rtl/fx2_ml_bridge/fx2_ml_bridge.fit.smsg
Info: Quartus II 64-Bit Fitter was successful. 0 errors, 2 warnings
    Info: Peak virtual memory: 5317 megabytes
    Info: Processing ended: Fri Oct 02 23:08:10 2026
    Info: Elapsed time: 00:00:17
    Info: Total CPU time (on all processors): 00:00:34
Info: *******************************************************************
Info: Running Quartus II 64-Bit Assembler
    Info: Version 13.0.1 Build 232 06/12/2013 Service Pack 1 SJ Web Edition
    Info: Processing started: Fri Oct 02 23:08:11 2026
Info: Command: quartus_asm --read_settings_files=off --write_settings_files=off fx2_ml_bridge -c fx2_ml_bridge
Info (115031): Writing out detailed assembly data for power analysis
Info (115030): Assembler is generating device programming files
Info: Quartus II 64-Bit Assembler was successful. 0 errors, 0 warnings
    Info: Peak virtual memory: 4574 megabytes
    Info: Processing ended: Fri Oct 02 23:08:13 2026
    Info: Elapsed time: 00:00:02
    Info: Total CPU time (on all processors): 00:00:01
Info (293026): Skipped module PowerPlay Power Analyzer due to the assignment FLOW_ENABLE_POWER_ANALYZER
Info: *******************************************************************
Info: Running Quartus II 64-Bit TimeQuest Timing Analyzer
    Info: Version 13.0.1 Build 232 06/12/2013 Service Pack 1 SJ Web Edition
    Info: Processing started: Fri Oct 02 23:08:13 2026
Info: Command: quartus_sta fx2_ml_bridge -c fx2_ml_bridge
Info: qsta_default_script.tcl version: #1
Info (20030): Parallel compilation is enabled and will use 6 of the 6 processors detected
Info (332104): Reading SDC File: 'fx2_ml_bridge.sdc'
Info: Found TIMEQUEST_REPORT_SCRIPT_INCLUDE_DEFAULT_ANALYSIS = ON
Info: Analyzing Slow Model
Info (332146): Worst-case setup slack is 71.631
    Info (332119):     Slack End Point TNS Clock 
    Info (332119): ========= ============= =====================
    Info (332119):    71.631         0.000 clk 
Info (332146): Worst-case hold slack is 0.499
    Info (332119):     Slack End Point TNS Clock 
    Info (332119): ========= ============= =====================
    Info (332119):     0.499         0.000 clk 
Info (332140): No Recovery paths to report
Info (332140): No Removal paths to report
Info (332146): Worst-case minimum pulse width slack is 6.933
    Info (332119):     Slack End Point TNS Clock 
    Info (332119): ========= ============= =====================
    Info (332119):     6.933         0.000 clk 
Info (332001): The selected device family is not supported by the report_metastability command.
Info: Analyzing Fast Model
Info (332146): Worst-case setup slack is 153.615
    Info (332119):     Slack End Point TNS Clock 
    Info (332119): ========= ============= =====================
    Info (332119):   153.615         0.000 clk 
Info (332146): Worst-case hold slack is 0.215
    Info (332119):     Slack End Point TNS Clock 
    Info (332119): ========= ============= =====================
    Info (332119):     0.215         0.000 clk 
Info (332140): No Recovery paths to report
Info (332140): No Removal paths to report
Info (332146): Worst-case minimum pulse width slack is 7.873
    Info (332119):     Slack End Point TNS Clock 
    Info (332119): ========= ============= =====================
    Info (332119):     7.873         0.000 clk 
Info (332001): The selected device family is not supported by the report_metastability command.
Info (332102): Design is not fully constrained for setup requirements
Info (332102): Design is not fully constrained for hold requirements
Info: Quartus II 64-Bit TimeQuest Timing Analyzer was successful. 0 errors, 0 warnings
    Info: Peak virtual memory: 4639 megabytes
    Info: Processing ended: Fri Oct 02 23:08:16 2026
    Info: Elapsed time: 00:00:03
    Info: Total CPU time (on all processors): 00:00:03
Info (293000): Quartus II Full Compilation was successful. 0 errors, 20 warnings
Info (23030): Evaluation of Tcl script d:/program/altera/13.0sp1/quartus/common/tcl/internal/qsh_flow.tcl was successful
Info: Quartus II 64-Bit Shell was successful. 0 errors, 20 warnings
    Info: Peak virtual memory: 4349 megabytes
    Info: Processing ended: Fri Oct 02 23:08:17 2026
    Info: Elapsed time: 00:00:44
    Info: Total CPU time (on all processors): 00:00:02
