Flow report for fx2_ml_bridge
Sat Oct 03 02:00:25 2026
Quartus II 64-Bit Version 13.0.1 Build 232 06/12/2013 Service Pack 1 SJ Web Edition


---------------------
; Table of Contents ;
---------------------
  1. Legal Notice
  2. Flow Summary
  3. Flow Settings
  4. Flow Non-Default Global Settings
  5. Flow Elapsed Time
  6. Flow OS Summary
  7. Flow Log
  8. Flow Messages
  9. Flow Suppressed Messages



----------------
; Legal Notice ;
----------------
Copyright (C) 1991-2013 Altera Corporation
Your use of Altera Corporation's design tools, logic functions 
and other software and tools, and its AMPP partner logic 
functions, and any output files from any of the foregoing 
(including device programming or simulation files), and any 
associated documentation or information are expressly subject 
to the terms and conditions of the Altera Program License 
Subscription Agreement, Altera MegaCore Function License 
Agreement, or other applicable license agreement, including, 
without limitation, that your use is for the sole purpose of 
programming logic devices manufactured by Altera and sold by 
Altera or its authorized distributors.  Please refer to the 
applicable agreement for further details.



+--------------------------------------------------------------------------------------+
; Flow Summary                                                                         ;
+------------------------------------+-------------------------------------------------+
; Flow Status                        ; Successful - Sat Oct 03 02:00:22 2026           ;
; Quartus II 64-Bit Version          ; 13.0.1 Build 232 06/12/2013 SP 1 SJ Web Edition ;
; Revision Name                      ; fx2_ml_bridge                                   ;
; Top-level Entity Name              ; ml_fx2_stream_bridge                            ;
; Family                             ; Cyclone II                                      ;
; Device                             ; EP2C5T144C8                                     ;
; Timing Models                      ; Final                                           ;
; Total logic elements               ; 4,158 / 4,608 ( 90 % )                          ;
;     Total combinational functions  ; 4,089 / 4,608 ( 89 % )                          ;
;     Dedicated logic registers      ; 1,141 / 4,608 ( 25 % )                          ;
; Total registers                    ; 1141                                            ;
; Total pins                         ; 31 / 89 ( 35 % )                                ;
; Total virtual pins                 ; 0                                               ;
; Total memory bits                  ; 57,904 / 119,808 ( 48 % )                       ;
; Embedded Multiplier 9-bit elements ; 9 / 26 ( 35 % )                                 ;
; Total PLLs                         ; 0 / 2 ( 0 % )                                   ;
+------------------------------------+-------------------------------------------------+


+-----------------------------------------+
; Flow Settings                           ;
+-------------------+---------------------+
; Option            ; Setting             ;
+-------------------+---------------------+
; Start date & time ; 10/03/2026 01:59:46 ;
; Main task         ; Compilation         ;
; Revision Name     ; fx2_ml_bridge       ;
+-------------------+---------------------+


+---------------------------------------------------------------------------------------------------+
; Flow Non-Default Global Settings                                                                  ;
+-----------------------+--------------------------------+---------------+-------------+------------+
; Assignment Name       ; Value                          ; Default Value ; Entity Name ; Section Id ;
+-----------------------+--------------------------------+---------------+-------------+------------+
; COMPILER_SIGNATURE_ID ; 53447173696452.179098558509312 ; --            ; --          ; --         ;
; TOP_LEVEL_ENTITY      ; ml_fx2_stream_bridge           ; fx2_ml_bridge ; --          ; --         ;
+-----------------------+--------------------------------+---------------+-------------+------------+


+-------------------------------------------------------------------------------------------------------------------------------+
; Flow Elapsed Time                                                                                                             ;
+---------------------------+--------------+-------------------------+---------------------+------------------------------------+
; Module Name               ; Elapsed Time ; Average Processors Used ; Peak Virtual Memory ; Total CPU Time (on all processors) ;
+---------------------------+--------------+-------------------------+---------------------+------------------------------------+
; Analysis & Synthesis      ; 00:00:16     ; 1.0                     ; 4622 MB             ; 00:00:16                           ;
; Fitter                    ; 00:00:17     ; 2.7                     ; 5315 MB             ; 00:00:34                           ;
; Assembler                 ; 00:00:01     ; 1.0                     ; 4573 MB             ; 00:00:01                           ;
; TimeQuest Timing Analyzer ; 00:00:02     ; 1.0                     ; 4660 MB             ; 00:00:02                           ;
; Total                     ; 00:00:36     ; --                      ; --                  ; 00:00:53                           ;
+---------------------------+--------------+-------------------------+---------------------+------------------------------------+


+----------------------------------------------------------------------------------------+
; Flow OS Summary                                                                        ;
+---------------------------+------------------+-----------+------------+----------------+
; Module Name               ; Machine Hostname ; OS Name   ; OS Version ; Processor type ;
+---------------------------+------------------+-----------+------------+----------------+
; Analysis & Synthesis      ; TF-DK            ; Windows 7 ; 6.2        ; x86_64         ;
; Fitter                    ; TF-DK            ; Windows 7 ; 6.2        ; x86_64         ;
; Assembler                 ; TF-DK            ; Windows 7 ; 6.2        ; x86_64         ;
; TimeQuest Timing Analyzer ; TF-DK            ; Windows 7 ; 6.2        ; x86_64         ;
+---------------------------+------------------+-----------+------------+----------------+


------------
; Flow Log ;
------------
quartus_map --read_settings_files=on --write_settings_files=off fx2_ml_bridge -c fx2_ml_bridge
quartus_fit --read_settings_files=off --write_settings_files=off fx2_ml_bridge -c fx2_ml_bridge
quartus_asm --read_settings_files=off --write_settings_files=off fx2_ml_bridge -c fx2_ml_bridge
quartus_sta fx2_ml_bridge -c fx2_ml_bridge



