Info: *******************************************************************
Info: Running Quartus II 64-Bit Shell
    Info: Version 13.0.1 Build 232 06/12/2013 Service Pack 1 SJ Web Edition
    Info: Copyright (C) 1991-2013 Altera Corporation. All rights reserved.
    Info: Your use of Altera Corporation's design tools, logic functions 
    Info: and other software and tools, and its AMPP partner logic 
    Info: functions, and any output files from any of the foregoing 
    Info: (including device programming or simulation files), and any 
    Info: associated documentation or information are expressly subject 
    Info: to the terms and conditions of the Altera Program License 
    Info: Subscription Agreement, Altera MegaCore Function License 
    Info: Agreement, or other applicable license agreement, including, 
    Info: without limitation, that your use is for the sole purpose of 
    Info: programming logic devices manufactured by Altera and sold by 
    Info: Altera or its authorized distributors.  Please refer to the 
    Info: applicable agreement for further details.
    Info: Processing started: Fri Oct 02 23:30:57 2026
Info: Command: quartus_sh --flow compile fx2_transport_test
Info: Quartus(args): compile fx2_transport_test
Info: Project Name = D:/fpga/cyclone2-handwriting-ml/rtl/fx2_ml_bridge/fx2_transport_test
Info: Revision Name = fx2_transport_test
Info: *******************************************************************
Info: Running Quartus II 64-Bit Analysis & Synthesis
    Info: Version 13.0.1 Build 232 06/12/2013 Service Pack 1 SJ Web Edition
    Info: Processing started: Fri Oct 02 23:30:59 2026
Info: Command: quartus_map --read_settings_files=on --write_settings_files=off fx2_transport_test -c fx2_transport_test
Info (20030): Parallel compilation is enabled and will use 6 of the 6 processors detected
Info (12021): Found 1 design units, including 1 entities, in source file fx2_transport_test.sv
    Info (12023): Found entity 1: fx2_transport_test
Info (12127): Elaborating entity "fx2_transport_test" for the top level hierarchy
Warning (10036): Verilog HDL or VHDL warning at fx2_transport_test.sv(9): object "got_header" assigned a value but never read
Warning (10036): Verilog HDL or VHDL warning at fx2_transport_test.sv(15): object "out_word" assigned a value but never read
Warning (10230): Verilog HDL assignment warning at fx2_transport_test.sv(25): truncated value with size 32 to match size of target (1)
Warning (10230): Verilog HDL assignment warning at fx2_transport_test.sv(31): truncated value with size 32 to match size of target (1)
Warning (10230): Verilog HDL assignment warning at fx2_transport_test.sv(36): truncated value with size 32 to match size of target (1)
Warning (10230): Verilog HDL assignment warning at fx2_transport_test.sv(39): truncated value with size 32 to match size of target (1)
Info (13000): Registers with preset signals will power-up high
Info (13003): DEV_CLRn pin will set, and not reset, register with preset signal due to NOT Gate Push-Back
Warning (13024): Output pins are stuck at VCC or GND
    Warning (13410): Pin "FIFOADR[0]" is stuck at GND
    Warning (13410): Pin "FIFOADR[1]" is stuck at GND
    Warning (13410): Pin "led[1]" is stuck at VCC
    Warning (13410): Pin "led[3]" is stuck at VCC
    Warning (13410): Pin "buzz" is stuck at VCC
Info (17049): 2 registers lost all their fanouts during netlist optimizations.
Info (16010): Generating hard_block partition "hard_block:auto_generated_inst"
    Info (16011): Adding 0 node(s), including 0 DDIO, 0 PLL, 0 transceiver and 0 LCELL
Warning (21074): Design contains 2 input pin(s) that do not drive logic
    Warning (15610): No output dependent on input pin "FLAGB"
    Warning (15610): No output dependent on input pin "FLAGC"
Info (21057): Implemented 73 device resources after synthesis - the final resource count might be different
    Info (21058): Implemented 5 input pins
    Info (21059): Implemented 10 output pins
    Info (21060): Implemented 16 bidirectional pins
    Info (21061): Implemented 42 logic cells
Info: Quartus II 64-Bit Analysis & Synthesis was successful. 0 errors, 15 warnings
    Info: Peak virtual memory: 4596 megabytes
    Info: Processing ended: Fri Oct 02 23:31:00 2026
    Info: Elapsed time: 00:00:01
    Info: Total CPU time (on all processors): 00:00:01
Info: *******************************************************************
Info: Running Quartus II 64-Bit Fitter
    Info: Version 13.0.1 Build 232 06/12/2013 Service Pack 1 SJ Web Edition
    Info: Processing started: Fri Oct 02 23:31:01 2026
Info: Command: quartus_fit --read_settings_files=off --write_settings_files=off fx2_transport_test -c fx2_transport_test
Info: qfit2_default_script.tcl version: #1
Info: Project  = fx2_transport_test
Info: Revision = fx2_transport_test
Info (20030): Parallel compilation is enabled and will use 6 of the 6 processors detected
Info (119006): Selected device EP2C5T144C8 for design "fx2_transport_test"
Info (171003): Fitter is performing an Auto Fit compilation, which may decrease Fitter effort to reduce compilation time
Warning (292013): Feature LogicLock is only available with a valid subscription license. You can purchase a software subscription to gain full access to this feature.
Info (176444): Device migration not selected. If you intend to use device migration later, you may need to change the pin assignments as they may be incompatible with other devices
    Info (176445): Device EP2C5T144I8 is compatible
    Info (176445): Device EP2C8T144C8 is compatible
    Info (176445): Device EP2C8T144I8 is compatible
Info (169124): Fitter converted 2 user pins into dedicated programming pins
    Info (169125): Pin ~ASDO~ is reserved at location 1
    Info (169125): Pin ~nCSO~ is reserved at location 2
Info (332104): Reading SDC File: 'fx2_ml_bridge.sdc'
Info (332129): Detected timing requirements -- optimizing circuit to achieve only the specified requirements
Info (332111): Found 1 clocks
    Info (332111):   Period   Clock Name
    Info (332111): ======== ============
    Info (332111):   20.000          clk
Info (176353): Automatically promoted node clk (placed in PIN 17 (CLK0, LVDSCLK0p, Input))
    Info (176355): Automatically promoted destinations to use location or clock signal Global Clock CLKCTRL_G2
Info (176353): Automatically promoted node rst (placed in PIN 88 (CLK7, LVDSCLK3n, Input))
    Info (176355): Automatically promoted destinations to use location or clock signal Global Clock CLKCTRL_G7
Info (176233): Starting register packing
Info (176235): Finished register packing
    Extra Info (176219): No registers were packed into other blocks
Info (171121): Fitter preparation operations ending: elapsed time is 00:00:01
Info (170189): Fitter placement preparation operations beginning
Info (170190): Fitter placement preparation operations ending: elapsed time is 00:00:00
Info (170191): Fitter placement operations beginning
Info (170137): Fitter placement was successful
Info (170192): Fitter placement operations ending: elapsed time is 00:00:00
Info (170193): Fitter routing operations beginning
Info (170195): Router estimated average interconnect usage is 0% of the available device resources
    Info (170196): Router estimated peak interconnect usage is 0% of the available device resources in the region that extends from location X14_Y0 to location X28_Y14
Info (170194): Fitter routing operations ending: elapsed time is 00:00:00
Info (170199): The Fitter performed an Auto Fit compilation.  Optimizations were skipped to reduce compilation time.
    Info (170201): Optimizations that may affect the design's routability were skipped
    Info (170200): Optimizations that may affect the design's timing were skipped
Info (11888): Total time spent on timing analysis during the Fitter is 0.13 seconds.
Info (306004): Started post-fitting delay annotation
Warning (306006): Found 26 output pins without output pin load capacitance assignment
    Info (306007): Pin "FIFODATA[0]" has no specified output pin load capacitance -- assuming default load capacitance of 0 pF for timing analysis
    Info (306007): Pin "FIFODATA[1]" has no specified output pin load capacitance -- assuming default load capacitance of 0 pF for timing analysis
    Info (306007): Pin "FIFODATA[2]" has no specified output pin load capacitance -- assuming default load capacitance of 0 pF for timing analysis
    Info (306007): Pin "FIFODATA[3]" has no specified output pin load capacitance -- assuming default load capacitance of 0 pF for timing analysis
    Info (306007): Pin "FIFODATA[4]" has no specified output pin load capacitance -- assuming default load capacitance of 0 pF for timing analysis
    Info (306007): Pin "FIFODATA[5]" has no specified output pin load capacitance -- assuming default load capacitance of 0 pF for timing analysis
    Info (306007): Pin "FIFODATA[6]" has no specified output pin load capacitance -- assuming default load capacitance of 0 pF for timing analysis
    Info (306007): Pin "FIFODATA[7]" has no specified output pin load capacitance -- assuming default load capacitance of 0 pF for timing analysis
    Info (306007): Pin "FIFODATA[8]" has no specified output pin load capacitance -- assuming default load capacitance of 0 pF for timing analysis
    Info (306007): Pin "FIFODATA[9]" has no specified output pin load capacitance -- assuming default load capacitance of 0 pF for timing analysis
    Info (306007): Pin "FIFODATA[10]" has no specified output pin load capacitance -- assuming default load capacitance of 0 pF for timing analysis
    Info (306007): Pin "FIFODATA[11]" has no specified output pin load capacitance -- assuming default load capacitance of 0 pF for timing analysis
    Info (306007): Pin "FIFODATA[12]" has no specified output pin load capacitance -- assuming default load capacitance of 0 pF for timing analysis
    Info (306007): Pin "FIFODATA[13]" has no specified output pin load capacitance -- assuming default load capacitance of 0 pF for timing analysis
    Info (306007): Pin "FIFODATA[14]" has no specified output pin load capacitance -- assuming default load capacitance of 0 pF for timing analysis
    Info (306007): Pin "FIFODATA[15]" has no specified output pin load capacitance -- assuming default load capacitance of 0 pF for timing analysis
    Info (306007): Pin "SLOE" has no specified output pin load capacitance -- assuming default load capacitance of 0 pF for timing analysis
    Info (306007): Pin "SLRD" has no specified output pin load capacitance -- assuming default load capacitance of 0 pF for timing analysis
    Info (306007): Pin "FIFOADR[0]" has no specified output pin load capacitance -- assuming default load capacitance of 0 pF for timing analysis
    Info (306007): Pin "FIFOADR[1]" has no specified output pin load capacitance -- assuming default load capacitance of 0 pF for timing analysis
    Info (306007): Pin "SLWR" has no specified output pin load capacitance -- assuming default load capacitance of 0 pF for timing analysis
    Info (306007): Pin "led[0]" has no specified output pin load capacitance -- assuming default load capacitance of 0 pF for timing analysis
    Info (306007): Pin "led[1]" has no specified output pin load capacitance -- assuming default load capacitance of 0 pF for timing analysis
    Info (306007): Pin "led[2]" has no specified output pin load capacitance -- assuming default load capacitance of 0 pF for timing analysis
    Info (306007): Pin "led[3]" has no specified output pin load capacitance -- assuming default load capacitance of 0 pF for timing analysis
    Info (306007): Pin "buzz" has no specified output pin load capacitance -- assuming default load capacitance of 0 pF for timing analysis
Info (306005): Delay annotation completed successfully
Info (306004): Started post-fitting delay annotation
Info (306005): Delay annotation completed successfully
Info (11218): Fitter post-fit operations ending: elapsed time is 00:00:00
Warning (169064): Following 16 pins have no output enable or a GND or VCC output enable - later changes to this connectivity may change fitting results
    Info (169065): Pin FIFODATA[0] has a permanently disabled output enable
    Info (169065): Pin FIFODATA[1] has a permanently disabled output enable
    Info (169065): Pin FIFODATA[2] has a permanently disabled output enable
    Info (169065): Pin FIFODATA[3] has a permanently disabled output enable
    Info (169065): Pin FIFODATA[4] has a permanently disabled output enable
    Info (169065): Pin FIFODATA[5] has a permanently disabled output enable
    Info (169065): Pin FIFODATA[6] has a permanently disabled output enable
    Info (169065): Pin FIFODATA[7] has a permanently disabled output enable
    Info (169065): Pin FIFODATA[8] has a permanently disabled output enable
    Info (169065): Pin FIFODATA[9] has a permanently disabled output enable
    Info (169065): Pin FIFODATA[10] has a permanently disabled output enable
    Info (169065): Pin FIFODATA[11] has a permanently disabled output enable
    Info (169065): Pin FIFODATA[12] has a permanently disabled output enable
    Info (169065): Pin FIFODATA[13] has a permanently disabled output enable
    Info (169065): Pin FIFODATA[14] has a permanently disabled output enable
    Info (169065): Pin FIFODATA[15] has a permanently disabled output enable
Info (144001): Generated suppressed messages file D:/fpga/cyclone2-handwriting-ml/rtl/fx2_ml_bridge/fx2_transport_test.fit.smsg
Info: Quartus II 64-Bit Fitter was successful. 0 errors, 3 warnings
    Info: Peak virtual memory: 5296 megabytes
    Info: Processing ended: Fri Oct 02 23:31:04 2026
    Info: Elapsed time: 00:00:03
    Info: Total CPU time (on all processors): 00:00:03
Info: *******************************************************************
Info: Running Quartus II 64-Bit Assembler
    Info: Version 13.0.1 Build 232 06/12/2013 Service Pack 1 SJ Web Edition
    Info: Processing started: Fri Oct 02 23:31:04 2026
Info: Command: quartus_asm --read_settings_files=off --write_settings_files=off fx2_transport_test -c fx2_transport_test
Info (115031): Writing out detailed assembly data for power analysis
Info (115030): Assembler is generating device programming files
Info: Quartus II 64-Bit Assembler was successful. 0 errors, 0 warnings
    Info: Peak virtual memory: 4558 megabytes
    Info: Processing ended: Fri Oct 02 23:31:05 2026
    Info: Elapsed time: 00:00:01
    Info: Total CPU time (on all processors): 00:00:01
Info (293026): Skipped module PowerPlay Power Analyzer due to the assignment FLOW_ENABLE_POWER_ANALYZER
Info: *******************************************************************
Info: Running Quartus II 64-Bit TimeQuest Timing Analyzer
    Info: Version 13.0.1 Build 232 06/12/2013 Service Pack 1 SJ Web Edition
    Info: Processing started: Fri Oct 02 23:31:06 2026
Info: Command: quartus_sta fx2_transport_test -c fx2_transport_test
Info: qsta_default_script.tcl version: #1
Info (20030): Parallel compilation is enabled and will use 6 of the 6 processors detected
Info (332104): Reading SDC File: 'fx2_ml_bridge.sdc'
Info: Found TIMEQUEST_REPORT_SCRIPT_INCLUDE_DEFAULT_ANALYSIS = ON
Info: Analyzing Slow Model
Info (332146): Worst-case setup slack is 193.954
    Info (332119):     Slack End Point TNS Clock 
    Info (332119): ========= ============= =====================
    Info (332119):   193.954         0.000 clk 
Info (332146): Worst-case hold slack is 0.499
    Info (332119):     Slack End Point TNS Clock 
    Info (332119): ========= ============= =====================
    Info (332119):     0.499         0.000 clk 
Info (332140): No Recovery paths to report
Info (332140): No Removal paths to report
Info (332146): Worst-case minimum pulse width slack is 8.758
    Info (332119):     Slack End Point TNS Clock 
    Info (332119): ========= ============= =====================
    Info (332119):     8.758         0.000 clk 
Info (332001): The selected device family is not supported by the report_metastability command.
Info: Analyzing Fast Model
Info (332146): Worst-case setup slack is 197.956
    Info (332119):     Slack End Point TNS Clock 
    Info (332119): ========= ============= =====================
    Info (332119):   197.956         0.000 clk 
Info (332146): Worst-case hold slack is 0.215
    Info (332119):     Slack End Point TNS Clock 
    Info (332119): ========= ============= =====================
    Info (332119):     0.215         0.000 clk 
Info (332140): No Recovery paths to report
Info (332140): No Removal paths to report
Info (332146): Worst-case minimum pulse width slack is 9.000
    Info (332119):     Slack End Point TNS Clock 
    Info (332119): ========= ============= =====================
    Info (332119):     9.000         0.000 clk 
Info (332001): The selected device family is not supported by the report_metastability command.
Info (332102): Design is not fully constrained for setup requirements
Info (332102): Design is not fully constrained for hold requirements
Info: Quartus II 64-Bit TimeQuest Timing Analyzer was successful. 0 errors, 0 warnings
    Info: Peak virtual memory: 4583 megabytes
    Info: Processing ended: Fri Oct 02 23:31:08 2026
    Info: Elapsed time: 00:00:02
    Info: Total CPU time (on all processors): 00:00:01
Info (293000): Quartus II Full Compilation was successful. 0 errors, 18 warnings
Info (23030): Evaluation of Tcl script d:/program/altera/13.0sp1/quartus/common/tcl/internal/qsh_flow.tcl was successful
Info: Quartus II 64-Bit Shell was successful. 0 errors, 18 warnings
    Info: Peak virtual memory: 4347 megabytes
    Info: Processing ended: Fri Oct 02 23:31:08 2026
    Info: Elapsed time: 00:00:11
    Info: Total CPU time (on all processors): 00:00:02
